Component: ARM Compiler 5.06 update 7 (build 960) Tool: armlink [4d3601]

==============================================================================

Section Cross References

    startup_stm32f429xx.o(RESET) refers to startup_stm32f429xx.o(STACK) for __initial_sp
    startup_stm32f429xx.o(RESET) refers to startup_stm32f429xx.o(.text) for Reset_Handler
    startup_stm32f429xx.o(RESET) refers to stm32f4xx_it.o(i.NMI_Handler) for NMI_Handler
    startup_stm32f429xx.o(RESET) refers to stm32f4xx_it.o(i.HardFault_Handler) for HardFault_Handler
    startup_stm32f429xx.o(RESET) refers to stm32f4xx_it.o(i.MemManage_Handler) for MemManage_Handler
    startup_stm32f429xx.o(RESET) refers to stm32f4xx_it.o(i.BusFault_Handler) for BusFault_Handler
    startup_stm32f429xx.o(RESET) refers to stm32f4xx_it.o(i.UsageFault_Handler) for UsageFault_Handler
    startup_stm32f429xx.o(RESET) refers to stm32f4xx_it.o(i.SVC_Handler) for SVC_Handler
    startup_stm32f429xx.o(RESET) refers to stm32f4xx_it.o(i.DebugMon_Handler) for DebugMon_Handler
    startup_stm32f429xx.o(RESET) refers to stm32f4xx_it.o(i.PendSV_Handler) for PendSV_Handler
    startup_stm32f429xx.o(RESET) refers to stm32f4xx_it.o(i.SysTick_Handler) for SysTick_Handler
    startup_stm32f429xx.o(.text) refers to system_stm32f4xx.o(i.SystemInit) for SystemInit
    startup_stm32f429xx.o(.text) refers to entry.o(.ARM.Collect$$$$00000000) for __main
    main.o(i._Z18SystemClock_Configv) refers to memseta.o(.text) for __aeabi_memclr4
    main.o(i._Z18SystemClock_Configv) refers to stm32f4xx_hal_rcc.o(i.HAL_RCC_OscConfig) for HAL_RCC_OscConfig
    main.o(i._Z18SystemClock_Configv) refers to stm32f4xx_hal_rcc.o(i.HAL_RCC_ClockConfig) for HAL_RCC_ClockConfig
    main.o(i._ZN22_INTERNAL_6_main_c_led12MX_GPIO_InitEv) refers to memseta.o(.text) for __aeabi_memclr4
    main.o(i._ZN22_INTERNAL_6_main_c_led12MX_GPIO_InitEv) refers to stm32f4xx_hal_gpio.o(i.HAL_GPIO_WritePin) for HAL_GPIO_WritePin
    main.o(i._ZN22_INTERNAL_6_main_c_led12MX_GPIO_InitEv) refers to stm32f4xx_hal_gpio.o(i.HAL_GPIO_Init) for HAL_GPIO_Init
    main.o(i.__sti___6_main_c_led) refers to ledcpp.o(i._ZN4CLedC1EP12GPIO_TypeDeft) for CLed::CLed(GPIO_TypeDef*, unsigned short)
    main.o(i.__sti___6_main_c_led) refers to main.o(.data) for .data
    main.o(i.main) refers to stm32f4xx_hal.o(i.HAL_Init) for HAL_Init
    main.o(i.main) refers to main.o(i._Z18SystemClock_Configv) for SystemClock_Config()
    main.o(i.main) refers to main.o(i._ZN22_INTERNAL_6_main_c_led12MX_GPIO_InitEv) for [local to main_c]::MX_GPIO_Init()
    main.o(i.main) refers to ledcpp.o(i._ZN4CLed6toggleEv) for CLed::toggle()
    main.o(i.main) refers to stm32f4xx_hal.o(i.HAL_Delay) for HAL_Delay
    main.o(i.main) refers to main.o(.data) for .data
    main.o(.ARM.exidx) refers to main.o(i.Error_Handler) for i.Error_Handler
    main.o(.ARM.exidx) refers to main.o(i._Z18SystemClock_Configv) for i._Z18SystemClock_Configv
    main.o(.ARM.exidx) refers to main.o(i.main) for i.main
    main.o(.ARM.exidx) refers to main.o(i.__sti___6_main_c_led) for i.__sti___6_main_c_led
    main.o(.ARM.exidx) refers to main.o(i._ZN22_INTERNAL_6_main_c_led12MX_GPIO_InitEv) for i._ZN22_INTERNAL_6_main_c_led12MX_GPIO_InitEv
    main.o(.init_array) refers to main.o(i.__sti___6_main_c_led) for __sti___6_main_c_led
    main.o(.init_array) refers to cpp_init.o(.text) for __cpp_initialize__aeabi_
    stm32f4xx_it.o(i.SysTick_Handler) refers to stm32f4xx_hal.o(i.HAL_IncTick) for HAL_IncTick
    stm32f4xx_it.o(.ARM.exidx) refers to stm32f4xx_it.o(i.NMI_Handler) for i.NMI_Handler
    stm32f4xx_it.o(.ARM.exidx) refers to stm32f4xx_it.o(i.HardFault_Handler) for i.HardFault_Handler
    stm32f4xx_it.o(.ARM.exidx) refers to stm32f4xx_it.o(i.MemManage_Handler) for i.MemManage_Handler
    stm32f4xx_it.o(.ARM.exidx) refers to stm32f4xx_it.o(i.BusFault_Handler) for i.BusFault_Handler
    stm32f4xx_it.o(.ARM.exidx) refers to stm32f4xx_it.o(i.UsageFault_Handler) for i.UsageFault_Handler
    stm32f4xx_it.o(.ARM.exidx) refers to stm32f4xx_it.o(i.SVC_Handler) for i.SVC_Handler
    stm32f4xx_it.o(.ARM.exidx) refers to stm32f4xx_it.o(i.DebugMon_Handler) for i.DebugMon_Handler
    stm32f4xx_it.o(.ARM.exidx) refers to stm32f4xx_it.o(i.PendSV_Handler) for i.PendSV_Handler
    stm32f4xx_it.o(.ARM.exidx) refers to stm32f4xx_it.o(i.SysTick_Handler) for i.SysTick_Handler
    stm32f4xx_hal_msp.o(.ARM.exidx) refers to stm32f4xx_hal_msp.o(i.HAL_MspInit) for i.HAL_MspInit
    stm32f4xx_hal_rcc.o(i.HAL_RCC_ClockConfig) refers to stm32f4xx_hal.o(i.HAL_GetTick) for HAL_GetTick
    stm32f4xx_hal_rcc.o(i.HAL_RCC_ClockConfig) refers to stm32f4xx_hal_rcc.o(i.HAL_RCC_GetSysClockFreq) for HAL_RCC_GetSysClockFreq
    stm32f4xx_hal_rcc.o(i.HAL_RCC_ClockConfig) refers to stm32f4xx_hal.o(i.HAL_InitTick) for HAL_InitTick
    stm32f4xx_hal_rcc.o(i.HAL_RCC_ClockConfig) refers to system_stm32f4xx.o(.constdata) for AHBPrescTable
[...]
    stm32f4xx_hal_gpio.o(.ARM.exidx) refers to stm32f4xx_hal_gpio.o(i.HAL_GPIO_TogglePin) for i.HAL_GPIO_TogglePin
    stm32f4xx_hal_gpio.o(.ARM.exidx) refers to stm32f4xx_hal_gpio.o(i.HAL_GPIO_LockPin) for i.HAL_GPIO_LockPin
    stm32f4xx_hal_gpio.o(.ARM.exidx) refers to stm32f4xx_hal_gpio.o(i.HAL_GPIO_EXTI_Callback) for i.HAL_GPIO_EXTI_Callback
    stm32f4xx_hal_gpio.o(.ARM.exidx) refers to stm32f4xx_hal_gpio.o(i.HAL_GPIO_EXTI_IRQHandler) for i.HAL_GPIO_EXTI_IRQHandler
    stm32f4xx_hal_dma_ex.o(i.HAL_DMAEx_MultiBufferStart) refers to stm32f4xx_hal_dma_ex.o(i._ZN44_INTERNAL_22_stm32f4xx_hal_dma_ex_c_af8eecb024DMA_MultiBufferSetConfigEP19__DMA_HandleTypeDefjjj) for [local to stm32f4xx_hal_dma_ex_c]::DMA_MultiBufferSetConfig(__DMA_HandleTypeDef*, unsigned, unsigned, unsigned)
    stm32f4xx_hal_dma_ex.o(i.HAL_DMAEx_MultiBufferStart_IT) refers to stm32f4xx_hal_dma_ex.o(i._ZN44_INTERNAL_22_stm32f4xx_hal_dma_ex_c_af8eecb024DMA_MultiBufferSetConfigEP19__DMA_HandleTypeDefjjj) for [local to stm32f4xx_hal_dma_ex_c]::DMA_MultiBufferSetConfig(__DMA_HandleTypeDef*, unsigned, unsigned, unsigned)
    stm32f4xx_hal_dma_ex.o(.ARM.exidx) refers to stm32f4xx_hal_dma_ex.o(i.HAL_DMAEx_MultiBufferStart) for i.HAL_DMAEx_MultiBufferStart
    stm32f4xx_hal_dma_ex.o(.ARM.exidx) refers to stm32f4xx_hal_dma_ex.o(i.HAL_DMAEx_MultiBufferStart_IT) for i.HAL_DMAEx_MultiBufferStart_IT
    stm32f4xx_hal_dma_ex.o(.ARM.exidx) refers to stm32f4xx_hal_dma_ex.o(i.HAL_DMAEx_ChangeMemory) for i.HAL_DMAEx_ChangeMemory
    stm32f4xx_hal_dma_ex.o(.ARM.exidx) refers to stm32f4xx_hal_dma_ex.o(i._ZN44_INTERNAL_22_stm32f4xx_hal_dma_ex_c_af8eecb024DMA_MultiBufferSetConfigEP19__DMA_HandleTypeDefjjj) for i._ZN44_INTERNAL_22_stm32f4xx_hal_dma_ex_c_af8eecb024DMA_MultiBufferSetConfigEP19__DMA_HandleTypeDefjjj
    stm32f4xx_hal_dma.o(i.HAL_DMA_Abort) refers to stm32f4xx_hal.o(i.HAL_GetTick) for HAL_GetTick
    stm32f4xx_hal_dma.o(i.HAL_DMA_DeInit) refers to stm32f4xx_hal_dma.o(i._ZN41_INTERNAL_19_stm32f4xx_hal_dma_c_c25f65ec23DMA_CalcBaseAndBitshiftEP19__DMA_HandleTypeDef) for [local to stm32f4xx_hal_dma_c]::DMA_CalcBaseAndBitshift(__DMA_HandleTypeDef*)
    stm32f4xx_hal_dma.o(i.HAL_DMA_IRQHandler) refers to system_stm32f4xx.o(.data) for SystemCoreClock
    stm32f4xx_hal_dma.o(i.HAL_DMA_Init) refers to stm32f4xx_hal.o(i.HAL_GetTick) for HAL_GetTick
    stm32f4xx_hal_dma.o(i.HAL_DMA_Init) refers to stm32f4xx_hal_dma.o(i._ZN41_INTERNAL_19_stm32f4xx_hal_dma_c_c25f65ec18DMA_CheckFifoParamEP19__DMA_HandleTypeDef) for [local to stm32f4xx_hal_dma_c]::DMA_CheckFifoParam(__DMA_HandleTypeDef*)
    stm32f4xx_hal_dma.o(i.HAL_DMA_Init) refers to stm32f4xx_hal_dma.o(i._ZN41_INTERNAL_19_stm32f4xx_hal_dma_c_c25f65ec23DMA_CalcBaseAndBitshiftEP19__DMA_HandleTypeDef) for [local to stm32f4xx_hal_dma_c]::DMA_CalcBaseAndBitshift(__DMA_HandleTypeDef*)
    stm32f4xx_hal_dma.o(i.HAL_DMA_PollForTransfer) refers to stm32f4xx_hal.o(i.HAL_GetTick) for HAL_GetTick
    stm32f4xx_hal_dma.o(i.HAL_DMA_PollForTransfer) refers to stm32f4xx_hal_dma.o(i.HAL_DMA_Abort) for HAL_DMA_Abort
    stm32f4xx_hal_dma.o(i.HAL_DMA_Start) refers to stm32f4xx_hal_dma.o(i._ZN41_INTERNAL_19_stm32f4xx_hal_dma_c_c25f65ec13DMA_SetConfigEP19__DMA_HandleTypeDefjjj) for [local to stm32f4xx_hal_dma_c]::DMA_SetConfig(__DMA_HandleTypeDef*, unsigned, unsigned, unsigned)
    stm32f4xx_hal_dma.o(i.HAL_DMA_Start_IT) refers to stm32f4xx_hal_dma.o(i._ZN41_INTERNAL_19_stm32f4xx_hal_dma_c_c25f65ec13DMA_SetConfigEP19__DMA_HandleTypeDefjjj) for [local to stm32f4xx_hal_dma_c]::DMA_SetConfig(__DMA_HandleTypeDef*, unsigned, unsigned, unsigned)
    stm32f4xx_hal_dma.o(i._ZN41_INTERNAL_19_stm32f4xx_hal_dma_c_c25f65ec23DMA_CalcBaseAndBitshiftEP19__DMA_HandleTypeDef) refers to stm32f4xx_hal_dma.o(.constdata) for .constdata
    stm32f4xx_hal_dma.o(.ARM.exidx) refers to stm32f4xx_hal_dma.o(i._ZN41_INTERNAL_19_stm32f4xx_hal_dma_c_c25f65ec23DMA_CalcBaseAndBitshiftEP19__DMA_HandleTypeDef) for i._ZN41_INTERNAL_19_stm32f4xx_hal_dma_c_c25f65ec23DMA_CalcBaseAndBitshiftEP19__DMA_HandleTypeDef
    stm32f4xx_hal_dma.o(.ARM.exidx) refers to stm32f4xx_hal_dma.o(i.HAL_DMA_Init) for i.HAL_DMA_Init
    stm32f4xx_hal_dma.o(.ARM.exidx) refers to stm32f4xx_hal_dma.o(i.HAL_DMA_DeInit) for i.HAL_DMA_DeInit
    stm32f4xx_hal_dma.o(.ARM.exidx) refers to stm32f4xx_hal_dma.o(i._ZN41_INTERNAL_19_stm32f4xx_hal_dma_c_c25f65ec13DMA_SetConfigEP19__DMA_HandleTypeDefjjj) for i._ZN41_INTERNAL_19_stm32f4xx_hal_dma_c_c25f65ec13DMA_SetConfigEP19__DMA_HandleTypeDefjjj
    stm32f4xx_hal_dma.o(.ARM.exidx) refers to stm32f4xx_hal_dma.o(i.HAL_DMA_Start) for i.HAL_DMA_Start
    stm32f4xx_hal_dma.o(.ARM.exidx) refers to stm32f4xx_hal_dma.o(i.HAL_DMA_Start_IT) for i.HAL_DMA_Start_IT
    stm32f4xx_hal_dma.o(.ARM.exidx) refers to stm32f4xx_hal_dma.o(i.HAL_DMA_Abort) for i.HAL_DMA_Abort
    stm32f4xx_hal_dma.o(.ARM.exidx) refers to stm32f4xx_hal_dma.o(i.HAL_DMA_Abort_IT) for i.HAL_DMA_Abort_IT
    stm32f4xx_hal_dma.o(.ARM.exidx) refers to stm32f4xx_hal_dma.o(i.HAL_DMA_PollForTransfer) for i.HAL_DMA_PollForTransfer
    stm32f4xx_hal_dma.o(.ARM.exidx) refers to stm32f4xx_hal_dma.o(i.HAL_DMA_IRQHandler) for i.HAL_DMA_IRQHandler
    stm32f4xx_hal_dma.o(.ARM.exidx) refers to stm32f4xx_hal_dma.o(i._Z24HAL_DMA_RegisterCallbackP19__DMA_HandleTypeDef25HAL_DMA_CallbackIDTypeDefPFvS0_E) for i._Z24HAL_DMA_RegisterCallbackP19__DMA_HandleTypeDef25HAL_DMA_CallbackIDTypeDefPFvS0_E
    stm32f4xx_hal_dma.o(.ARM.exidx) refers to stm32f4xx_hal_dma.o(i.HAL_DMA_UnRegisterCallback) for i.HAL_DMA_UnRegisterCallback
    stm32f4xx_hal_dma.o(.ARM.exidx) refers to stm32f4xx_hal_dma.o(i.HAL_DMA_GetState) for i.HAL_DMA_GetState
    stm32f4xx_hal_dma.o(.ARM.exidx) refers to stm32f4xx_hal_dma.o(i.HAL_DMA_GetError) for i.HAL_DMA_GetError
    stm32f4xx_hal_dma.o(.ARM.exidx) refers to stm32f4xx_hal_dma.o(i._ZN41_INTERNAL_19_stm32f4xx_hal_dma_c_c25f65ec18DMA_CheckFifoParamEP19__DMA_HandleTypeDef) for i._ZN41_INTERNAL_19_stm32f4xx_hal_dma_c_c25f65ec18DMA_CheckFifoParamEP19__DMA_HandleTypeDef
    stm32f4xx_hal_pwr.o(i.HAL_PWR_PVD_IRQHandler) refers to stm32f4xx_hal_pwr.o(i.HAL_PWR_PVDCallback) for HAL_PWR_PVDCallback
    stm32f4xx_hal_pwr.o(.ARM.exidx) refers to stm32f4xx_hal_pwr.o(i.HAL_PWR_DeInit) for i.HAL_PWR_DeInit
    stm32f4xx_hal_pwr.o(.ARM.exidx) refers to stm32f4xx_hal_pwr.o(i.HAL_PWR_EnableBkUpAccess) for i.HAL_PWR_EnableBkUpAccess
    stm32f4xx_hal_pwr.o(.ARM.exidx) refers to stm32f4xx_hal_pwr.o(i.HAL_PWR_DisableBkUpAccess) for i.HAL_PWR_DisableBkUpAccess
    stm32f4xx_hal_pwr.o(.ARM.exidx) refers to stm32f4xx_hal_pwr.o(i.HAL_PWR_ConfigPVD) for i.HAL_PWR_ConfigPVD
    stm32f4xx_hal_pwr.o(.ARM.exidx) refers to stm32f4xx_hal_pwr.o(i.HAL_PWR_EnablePVD) for i.HAL_PWR_EnablePVD
    stm32f4xx_hal_pwr.o(.ARM.exidx) refers to stm32f4xx_hal_pwr.o(i.HAL_PWR_DisablePVD) for i.HAL_PWR_DisablePVD
    stm32f4xx_hal_pwr.o(.ARM.exidx) refers to stm32f4xx_hal_pwr.o(i.HAL_PWR_EnableWakeUpPin) for i.HAL_PWR_EnableWakeUpPin
    stm32f4xx_hal_pwr.o(.ARM.exidx) refers to stm32f4xx_hal_pwr.o(i.HAL_PWR_DisableWakeUpPin) for i.HAL_PWR_DisableWakeUpPin
    stm32f4xx_hal_pwr.o(.ARM.exidx) refers to stm32f4xx_hal_pwr.o(i.HAL_PWR_EnterSLEEPMode) for i.HAL_PWR_EnterSLEEPMode
    stm32f4xx_hal_pwr.o(.ARM.exidx) refers to stm32f4xx_hal_pwr.o(i.HAL_PWR_EnterSTOPMode) for i.HAL_PWR_EnterSTOPMode
    stm32f4xx_hal_pwr.o(.ARM.exidx) refers to stm32f4xx_hal_pwr.o(i.HAL_PWR_EnterSTANDBYMode) for i.HAL_PWR_EnterSTANDBYMode
    stm32f4xx_hal_pwr.o(.ARM.exidx) refers to stm32f4xx_hal_pwr.o(i.HAL_PWR_PVDCallback) for i.HAL_PWR_PVDCallback
    stm32f4xx_hal_pwr.o(.ARM.exidx) refers to stm32f4xx_hal_pwr.o(i.HAL_PWR_PVD_IRQHandler) for i.HAL_PWR_PVD_IRQHandler
    stm32f4xx_hal_pwr.o(.ARM.exidx) refers to stm32f4xx_hal_pwr.o(i.HAL_PWR_EnableSleepOnExit) for i.HAL_PWR_EnableSleepOnExit
    stm32f4xx_hal_pwr.o(.ARM.exidx) refers to stm32f4xx_hal_pwr.o(i.HAL_PWR_DisableSleepOnExit) for i.HAL_PWR_DisableSleepOnExit
    stm32f4xx_hal_pwr.o(.ARM.exidx) refers to stm32f4xx_hal_pwr.o(i.HAL_PWR_EnableSEVOnPend) for i.HAL_PWR_EnableSEVOnPend
    stm32f4xx_hal_pwr.o(.ARM.exidx) refers to stm32f4xx_hal_pwr.o(i.HAL_PWR_DisableSEVOnPend) for i.HAL_PWR_DisableSEVOnPend
    stm32f4xx_hal_pwr_ex.o(i.HAL_PWREx_ControlVoltageScaling) refers to stm32f4xx_hal.o(i.HAL_GetTick) for HAL_GetTick
    stm32f4xx_hal_pwr_ex.o(i.HAL_PWREx_DisableBkUpReg) refers to stm32f4xx_hal.o(i.HAL_GetTick) for HAL_GetTick
    stm32f4xx_hal_pwr_ex.o(i.HAL_PWREx_DisableOverDrive) refers to stm32f4xx_hal.o(i.HAL_GetTick) for HAL_GetTick
    stm32f4xx_hal_pwr_ex.o(i.HAL_PWREx_EnableBkUpReg) refers to stm32f4xx_hal.o(i.HAL_GetTick) for HAL_GetTick
    stm32f4xx_hal_pwr_ex.o(i.HAL_PWREx_EnableOverDrive) refers to stm32f4xx_hal.o(i.HAL_GetTick) for HAL_GetTick
    stm32f4xx_hal_pwr_ex.o(.ARM.exidx) refers to stm32f4xx_hal_pwr_ex.o(i.HAL_PWREx_EnableBkUpReg) for i.HAL_PWREx_EnableBkUpReg
    stm32f4xx_hal_pwr_ex.o(.ARM.exidx) refers to stm32f4xx_hal_pwr_ex.o(i.HAL_PWREx_DisableBkUpReg) for i.HAL_PWREx_DisableBkUpReg
    stm32f4xx_hal_pwr_ex.o(.ARM.exidx) refers to stm32f4xx_hal_pwr_ex.o(i.HAL_PWREx_EnableFlashPowerDown) for i.HAL_PWREx_EnableFlashPowerDown
    stm32f4xx_hal_pwr_ex.o(.ARM.exidx) refers to stm32f4xx_hal_pwr_ex.o(i.HAL_PWREx_DisableFlashPowerDown) for i.HAL_PWREx_DisableFlashPowerDown
    stm32f4xx_hal_pwr_ex.o(.ARM.exidx) refers to stm32f4xx_hal_pwr_ex.o(i.HAL_PWREx_GetVoltageRange) for i.HAL_PWREx_GetVoltageRange
    stm32f4xx_hal_pwr_ex.o(.ARM.exidx) refers to stm32f4xx_hal_pwr_ex.o(i.HAL_PWREx_ControlVoltageScaling) for i.HAL_PWREx_ControlVoltageScaling
    stm32f4xx_hal_pwr_ex.o(.ARM.exidx) refers to stm32f4xx_hal_pwr_ex.o(i.HAL_PWREx_EnableOverDrive) for i.HAL_PWREx_EnableOverDrive
    stm32f4xx_hal_pwr_ex.o(.ARM.exidx) refers to stm32f4xx_hal_pwr_ex.o(i.HAL_PWREx_DisableOverDrive) for i.HAL_PWREx_DisableOverDrive
    stm32f4xx_hal_pwr_ex.o(.ARM.exidx) refers to stm32f4xx_hal_pwr_ex.o(i.HAL_PWREx_EnterUnderDriveSTOPMode) for i.HAL_PWREx_EnterUnderDriveSTOPMode
    stm32f4xx_hal_cortex.o(i.HAL_NVIC_SetPriority) refers to stm32f4xx_hal_cortex.o(i._ZN44_INTERNAL_22_stm32f4xx_hal_cortex_c_2992dbc018__NVIC_SetPriorityE9IRQn_Typej) for [local to stm32f4xx_hal_cortex_c]::__NVIC_SetPriority(IRQn_Type, unsigned)
    stm32f4xx_hal_cortex.o(i.HAL_SYSTICK_Config) refers to stm32f4xx_hal_cortex.o(i._ZN44_INTERNAL_22_stm32f4xx_hal_cortex_c_2992dbc018__NVIC_SetPriorityE9IRQn_Typej) for [local to stm32f4xx_hal_cortex_c]::__NVIC_SetPriority(IRQn_Type, unsigned)
    stm32f4xx_hal_cortex.o(i.HAL_SYSTICK_IRQHandler) refers to stm32f4xx_hal_cortex.o(i.HAL_SYSTICK_Callback) for HAL_SYSTICK_Callback
    stm32f4xx_hal_cortex.o(.ARM.exidx) refers to stm32f4xx_hal_cortex.o(i.HAL_NVIC_SetPriorityGrouping) for i.HAL_NVIC_SetPriorityGrouping
    stm32f4xx_hal_cortex.o(.ARM.exidx) refers to stm32f4xx_hal_cortex.o(i.HAL_NVIC_SetPriority) for i.HAL_NVIC_SetPriority
    stm32f4xx_hal_cortex.o(.ARM.exidx) refers to stm32f4xx_hal_cortex.o(i.HAL_NVIC_EnableIRQ) for i.HAL_NVIC_EnableIRQ
    stm32f4xx_hal_cortex.o(.ARM.exidx) refers to stm32f4xx_hal_cortex.o(i.HAL_NVIC_DisableIRQ) for i.HAL_NVIC_DisableIRQ
    stm32f4xx_hal_cortex.o(.ARM.exidx) refers to stm32f4xx_hal_cortex.o(i.HAL_NVIC_SystemReset) for i.HAL_NVIC_SystemReset
    stm32f4xx_hal_cortex.o(.ARM.exidx) refers to stm32f4xx_hal_cortex.o(i.HAL_SYSTICK_Config) for i.HAL_SYSTICK_Config
    stm32f4xx_hal_cortex.o(.ARM.exidx) refers to stm32f4xx_hal_cortex.o(i.HAL_MPU_Disable) for i.HAL_MPU_Disable
    stm32f4xx_hal_cortex.o(.ARM.exidx) refers to stm32f4xx_hal_cortex.o(i.HAL_MPU_Enable) for i.HAL_MPU_Enable
    stm32f4xx_hal_cortex.o(.ARM.exidx) refers to stm32f4xx_hal_cortex.o(i.HAL_MPU_ConfigRegion) for i.HAL_MPU_ConfigRegion
    stm32f4xx_hal_cortex.o(.ARM.exidx) refers to stm32f4xx_hal_cortex.o(i.HAL_NVIC_GetPriorityGrouping) for i.HAL_NVIC_GetPriorityGrouping
    stm32f4xx_hal_cortex.o(.ARM.exidx) refers to stm32f4xx_hal_cortex.o(i.HAL_NVIC_GetPriority) for i.HAL_NVIC_GetPriority
    stm32f4xx_hal_cortex.o(.ARM.exidx) refers to stm32f4xx_hal_cortex.o(i.HAL_NVIC_SetPendingIRQ) for i.HAL_NVIC_SetPendingIRQ
    stm32f4xx_hal_cortex.o(.ARM.exidx) refers to stm32f4xx_hal_cortex.o(i.HAL_NVIC_GetPendingIRQ) for i.HAL_NVIC_GetPendingIRQ
    stm32f4xx_hal_cortex.o(.ARM.exidx) refers to stm32f4xx_hal_cortex.o(i.HAL_NVIC_ClearPendingIRQ) for i.HAL_NVIC_ClearPendingIRQ
    stm32f4xx_hal_cortex.o(.ARM.exidx) refers to stm32f4xx_hal_cortex.o(i.HAL_NVIC_GetActive) for i.HAL_NVIC_GetActive
    stm32f4xx_hal_cortex.o(.ARM.exidx) refers to stm32f4xx_hal_cortex.o(i.HAL_SYSTICK_CLKSourceConfig) for i.HAL_SYSTICK_CLKSourceConfig
    stm32f4xx_hal_cortex.o(.ARM.exidx) refers to stm32f4xx_hal_cortex.o(i.HAL_SYSTICK_Callback) for i.HAL_SYSTICK_Callback
    stm32f4xx_hal_cortex.o(.ARM.exidx) refers to stm32f4xx_hal_cortex.o(i.HAL_SYSTICK_IRQHandler) for i.HAL_SYSTICK_IRQHandler
    stm32f4xx_hal_cortex.o(.ARM.exidx) refers to stm32f4xx_hal_cortex.o(i._ZN44_INTERNAL_22_stm32f4xx_hal_cortex_c_2992dbc018__NVIC_SetPriorityE9IRQn_Typej) for i._ZN44_INTERNAL_22_stm32f4xx_hal_cortex_c_2992dbc018__NVIC_SetPriorityE9IRQn_Typej
    stm32f4xx_hal.o(i.HAL_DeInit) refers to stm32f4xx_hal.o(i.HAL_MspDeInit) for HAL_MspDeInit
    stm32f4xx_hal.o(i.HAL_Delay) refers to stm32f4xx_hal.o(i.HAL_GetTick) for HAL_GetTick
    stm32f4xx_hal.o(i.HAL_Delay) refers to stm32f4xx_hal.o(.data) for .data
    stm32f4xx_hal.o(i.HAL_GetTick) refers to stm32f4xx_hal.o(.data) for .data
    stm32f4xx_hal.o(i.HAL_GetTickFreq) refers to stm32f4xx_hal.o(.data) for .data
    stm32f4xx_hal.o(i.HAL_GetTickPrio) refers to stm32f4xx_hal.o(.data) for .data
    stm32f4xx_hal.o(i.HAL_IncTick) refers to stm32f4xx_hal.o(.data) for .data
    stm32f4xx_hal.o(i.HAL_Init) refers to stm32f4xx_hal_cortex.o(i.HAL_NVIC_SetPriorityGrouping) for HAL_NVIC_SetPriorityGrouping
    stm32f4xx_hal.o(i.HAL_Init) refers to stm32f4xx_hal.o(i.HAL_InitTick) for HAL_InitTick
    stm32f4xx_hal.o(i.HAL_Init) refers to stm32f4xx_hal_msp.o(i.HAL_MspInit) for HAL_MspInit
    stm32f4xx_hal.o(i.HAL_InitTick) refers to stm32f4xx_hal_cortex.o(i.HAL_SYSTICK_Config) for HAL_SYSTICK_Config
    stm32f4xx_hal.o(i.HAL_InitTick) refers to stm32f4xx_hal_cortex.o(i.HAL_NVIC_SetPriority) for HAL_NVIC_SetPriority
    stm32f4xx_hal.o(i.HAL_InitTick) refers to stm32f4xx_hal.o(.data) for .data
    stm32f4xx_hal.o(i.HAL_InitTick) refers to system_stm32f4xx.o(.data) for SystemCoreClock
    stm32f4xx_hal.o(i.HAL_SetTickFreq) refers to stm32f4xx_hal.o(i.HAL_InitTick) for HAL_InitTick
    stm32f4xx_hal.o(i.HAL_SetTickFreq) refers to stm32f4xx_hal.o(.data) for .data
    stm32f4xx_hal.o(.ARM.exidx) refers to stm32f4xx_hal.o(i.HAL_MspInit) for i.HAL_MspInit
    stm32f4xx_hal.o(.ARM.exidx) refers to stm32f4xx_hal.o(i.HAL_InitTick) for i.HAL_InitTick
    stm32f4xx_hal.o(.ARM.exidx) refers to stm32f4xx_hal.o(i.HAL_Init) for i.HAL_Init
    stm32f4xx_hal.o(.ARM.exidx) refers to stm32f4xx_hal.o(i.HAL_MspDeInit) for i.HAL_MspDeInit
    stm32f4xx_hal.o(.ARM.exidx) refers to stm32f4xx_hal.o(i.HAL_DeInit) for i.HAL_DeInit
    stm32f4xx_hal.o(.ARM.exidx) refers to stm32f4xx_hal.o(i.HAL_IncTick) for i.HAL_IncTick
    stm32f4xx_hal.o(.ARM.exidx) refers to stm32f4xx_hal.o(i.HAL_GetTick) for i.HAL_GetTick
    stm32f4xx_hal.o(.ARM.exidx) refers to stm32f4xx_hal.o(i.HAL_GetTickPrio) for i.HAL_GetTickPrio
    stm32f4xx_hal.o(.ARM.exidx) refers to stm32f4xx_hal.o(i.HAL_SetTickFreq) for i.HAL_SetTickFreq
    stm32f4xx_hal.o(.ARM.exidx) refers to stm32f4xx_hal.o(i.HAL_GetTickFreq) for i.HAL_GetTickFreq
    stm32f4xx_hal.o(.ARM.exidx) refers to stm32f4xx_hal.o(i.HAL_Delay) for i.HAL_Delay
    stm32f4xx_hal.o(.ARM.exidx) refers to stm32f4xx_hal.o(i.HAL_SuspendTick) for i.HAL_SuspendTick
    stm32f4xx_hal.o(.ARM.exidx) refers to stm32f4xx_hal.o(i.HAL_ResumeTick) for i.HAL_ResumeTick
    stm32f4xx_hal.o(.ARM.exidx) refers to stm32f4xx_hal.o(i.HAL_GetHalVersion) for i.HAL_GetHalVersion
    stm32f4xx_hal.o(.ARM.exidx) refers to stm32f4xx_hal.o(i.HAL_GetREVID) for i.HAL_GetREVID
    stm32f4xx_hal.o(.ARM.exidx) refers to stm32f4xx_hal.o(i.HAL_GetDEVID) for i.HAL_GetDEVID
    stm32f4xx_hal.o(.ARM.exidx) refers to stm32f4xx_hal.o(i.HAL_DBGMCU_EnableDBGSleepMode) for i.HAL_DBGMCU_EnableDBGSleepMode
    stm32f4xx_hal.o(.ARM.exidx) refers to stm32f4xx_hal.o(i.HAL_DBGMCU_DisableDBGSleepMode) for i.HAL_DBGMCU_DisableDBGSleepMode
    stm32f4xx_hal.o(.ARM.exidx) refers to stm32f4xx_hal.o(i.HAL_DBGMCU_EnableDBGStopMode) for i.HAL_DBGMCU_EnableDBGStopMode
    stm32f4xx_hal.o(.ARM.exidx) refers to stm32f4xx_hal.o(i.HAL_DBGMCU_DisableDBGStopMode) for i.HAL_DBGMCU_DisableDBGStopMode
    stm32f4xx_hal.o(.ARM.exidx) refers to stm32f4xx_hal.o(i.HAL_DBGMCU_EnableDBGStandbyMode) for i.HAL_DBGMCU_EnableDBGStandbyMode
    stm32f4xx_hal.o(.ARM.exidx) refers to stm32f4xx_hal.o(i.HAL_DBGMCU_DisableDBGStandbyMode) for i.HAL_DBGMCU_DisableDBGStandbyMode
    stm32f4xx_hal.o(.ARM.exidx) refers to stm32f4xx_hal.o(i.HAL_EnableCompensationCell) for i.HAL_EnableCompensationCell
    stm32f4xx_hal.o(.ARM.exidx) refers to stm32f4xx_hal.o(i.HAL_DisableCompensationCell) for i.HAL_DisableCompensationCell
    stm32f4xx_hal.o(.ARM.exidx) refers to stm32f4xx_hal.o(i.HAL_GetUIDw0) for i.HAL_GetUIDw0
    stm32f4xx_hal.o(.ARM.exidx) refers to stm32f4xx_hal.o(i.HAL_GetUIDw1) for i.HAL_GetUIDw1
    stm32f4xx_hal.o(.ARM.exidx) refers to stm32f4xx_hal.o(i.HAL_GetUIDw2) for i.HAL_GetUIDw2
    stm32f4xx_hal.o(.ARM.exidx) refers to stm32f4xx_hal.o(i.HAL_EnableMemorySwappingBank) for i.HAL_EnableMemorySwappingBank
    stm32f4xx_hal.o(.ARM.exidx) refers to stm32f4xx_hal.o(i.HAL_DisableMemorySwappingBank) for i.HAL_DisableMemorySwappingBank
    stm32f4xx_hal_exti.o(.ARM.exidx) refers to stm32f4xx_hal_exti.o(i.HAL_EXTI_SetConfigLine) for i.HAL_EXTI_SetConfigLine
    stm32f4xx_hal_exti.o(.ARM.exidx) refers to stm32f4xx_hal_exti.o(i.HAL_EXTI_GetConfigLine) for i.HAL_EXTI_GetConfigLine
    stm32f4xx_hal_exti.o(.ARM.exidx) refers to stm32f4xx_hal_exti.o(i.HAL_EXTI_ClearConfigLine) for i.HAL_EXTI_ClearConfigLine
    stm32f4xx_hal_exti.o(.ARM.exidx) refers to stm32f4xx_hal_exti.o(i._Z25HAL_EXTI_RegisterCallbackP18EXTI_HandleTypeDef22EXTI_CallbackIDTypeDefPFvvE) for i._Z25HAL_EXTI_RegisterCallbackP18EXTI_HandleTypeDef22EXTI_CallbackIDTypeDefPFvvE
    stm32f4xx_hal_exti.o(.ARM.exidx) refers to stm32f4xx_hal_exti.o(i.HAL_EXTI_GetHandle) for i.HAL_EXTI_GetHandle
    stm32f4xx_hal_exti.o(.ARM.exidx) refers to stm32f4xx_hal_exti.o(i.HAL_EXTI_IRQHandler) for i.HAL_EXTI_IRQHandler
    stm32f4xx_hal_exti.o(.ARM.exidx) refers to stm32f4xx_hal_exti.o(i.HAL_EXTI_GetPending) for i.HAL_EXTI_GetPending
    stm32f4xx_hal_exti.o(.ARM.exidx) refers to stm32f4xx_hal_exti.o(i.HAL_EXTI_ClearPending) for i.HAL_EXTI_ClearPending
    stm32f4xx_hal_exti.o(.ARM.exidx) refers to stm32f4xx_hal_exti.o(i.HAL_EXTI_GenerateSWI) for i.HAL_EXTI_GenerateSWI
    system_stm32f4xx.o(i.SystemCoreClockUpdate) refers to system_stm32f4xx.o(.data) for .data
    system_stm32f4xx.o(i.SystemCoreClockUpdate) refers to system_stm32f4xx.o(.constdata) for .constdata
    system_stm32f4xx.o(.ARM.exidx) refers to system_stm32f4xx.o(i.SystemInit) for i.SystemInit
    system_stm32f4xx.o(.ARM.exidx) refers to system_stm32f4xx.o(i.SystemCoreClockUpdate) for i.SystemCoreClockUpdate
    ledcpp.o(i._ZN4CLed2onEv) refers to stm32f4xx_hal_gpio.o(i.HAL_GPIO_WritePin) for HAL_GPIO_WritePin
    ledcpp.o(i._ZN4CLed3offEv) refers to stm32f4xx_hal_gpio.o(i.HAL_GPIO_WritePin) for HAL_GPIO_WritePin
    ledcpp.o(i._ZN4CLed6toggleEv) refers to stm32f4xx_hal_gpio.o(i.HAL_GPIO_TogglePin) for HAL_GPIO_TogglePin
    ledcpp.o(.ARM.exidx) refers to ledcpp.o(i._ZN4CLedC1EP12GPIO_TypeDeft) for i._ZN4CLedC1EP12GPIO_TypeDeft
    ledcpp.o(.ARM.exidx) refers to ledcpp.o(i._ZN4CLed2onEv) for i._ZN4CLed2onEv
    ledcpp.o(.ARM.exidx) refers to ledcpp.o(i._ZN4CLed3offEv) for i._ZN4CLed3offEv
    ledcpp.o(.ARM.exidx) refers to ledcpp.o(i._ZN4CLed6toggleEv) for i._ZN4CLed6toggleEv
    entry.o(.ARM.Collect$$$$00000000) refers (Special) to entry10a.o(.ARM.Collect$$$$0000000F) for __rt_final_cpp
    entry.o(.ARM.Collect$$$$00000000) refers (Special) to entry11a.o(.ARM.Collect$$$$00000011) for __rt_final_exit
    entry.o(.ARM.Collect$$$$00000000) refers (Special) to entry12b.o(.ARM.Collect$$$$0000000E) for __rt_lib_shutdown_fini
    entry.o(.ARM.Collect$$$$00000000) refers (Special) to entry7b.o(.ARM.Collect$$$$00000008) for _main_clock
    entry.o(.ARM.Collect$$$$00000000) refers (Special) to entry8b.o(.ARM.Collect$$$$0000000A) for _main_cpp_init
    entry.o(.ARM.Collect$$$$00000000) refers (Special) to entry9a.o(.ARM.Collect$$$$0000000B) for _main_init
    entry.o(.ARM.Collect$$$$00000000) refers (Special) to entry5.o(.ARM.Collect$$$$00000004) for _main_scatterload
    entry.o(.ARM.Collect$$$$00000000) refers (Special) to entry2.o(.ARM.Collect$$$$00000001) for _main_stk
    uldiv.o(.text) refers to llushr.o(.text) for __aeabi_llsr
    uldiv.o(.text) refers to llshl.o(.text) for __aeabi_llsl
    cpp_init.o(.emb_text) refers (Special) to entry8a.o(.ARM.Collect$$$$00000009) for _main_cpp_init$empty
    cpp_init.o(.init_array) refers (Special) to entry8a.o(.ARM.Collect$$$$00000009) for _main_cpp_init$empty
    cpp_init.o(.init_array) refers to cpp_init.o(.text) for __cpp_initialize__aeabi_
    cpp_init.o(.dummy_text) refers (Special) to entry8a.o(.ARM.Collect$$$$00000009) for _main_cpp_init$empty
    cpp_init.o(.text) refers (Special) to entry8a.o(.ARM.Collect$$$$00000009) for _main_cpp_init$empty
    entry2.o(.ARM.Collect$$$$00000001) refers to entry2.o(.ARM.Collect$$$$00002712) for __lit__00000000
    entry2.o(.ARM.Collect$$$$00002712) refers to startup_stm32f429xx.o(STACK) for __initial_sp
    entry2.o(__vectab_stack_and_reset_area) refers to startup_stm32f429xx.o(STACK) for __initial_sp
    entry2.o(__vectab_stack_and_reset_area) refers to entry.o(.ARM.Collect$$$$00000000) for __main
    entry5.o(.ARM.Collect$$$$00000004) refers to init.o(.text) for __scatterload
    entry8a.o(.ARM.Collect$$$$00000009) refers (Weak) to cpp_init.o(.text) for __cpp_initialize__aeabi_
    entry9a.o(.ARM.Collect$$$$0000000B) refers to main.o(i.main) for main
    entry9b.o(.ARM.Collect$$$$0000000C) refers to main.o(i.main) for main
    init.o(.text) refers to entry5.o(.ARM.Collect$$$$00000004) for __main_after_scatterload


==============================================================================

Removing Unused input sections from the image.

    Removing startup_stm32f429xx.o(HEAP), (512 bytes).
    Removing main.o(.rev16_text), (4 bytes).
    Removing main.o(.revsh_text), (4 bytes).
    Removing main.o(.rrx_text), (6 bytes).
    Removing main.o(i.Error_Handler), (4 bytes).
    Removing main.o(.ARM.exidx), (8 bytes).
    Removing main.o(.ARM.exidx), (8 bytes).
    Removing main.o(.ARM.exidx), (8 bytes).
    Removing main.o(.ARM.exidx), (8 bytes).
    Removing main.o(.ARM.exidx), (8 bytes).
    Removing stm32f4xx_it.o(.rev16_text), (4 bytes).
    Removing stm32f4xx_it.o(.revsh_text), (4 bytes).
    Removing stm32f4xx_it.o(.rrx_text), (6 bytes).
    Removing stm32f4xx_it.o(.ARM.exidx), (8 bytes).
    Removing stm32f4xx_it.o(.ARM.exidx), (8 bytes).
    Removing stm32f4xx_it.o(.ARM.exidx), (8 bytes).
    Removing stm32f4xx_it.o(.ARM.exidx), (8 bytes).
    Removing stm32f4xx_it.o(.ARM.exidx), (8 bytes).
    Removing stm32f4xx_it.o(.ARM.exidx), (8 bytes).
    Removing stm32f4xx_it.o(.ARM.exidx), (8 bytes).
    Removing stm32f4xx_it.o(.ARM.exidx), (8 bytes).
    Removing stm32f4xx_it.o(.ARM.exidx), (8 bytes).
    Removing stm32f4xx_hal_msp.o(.rev16_text), (4 bytes).
    Removing stm32f4xx_hal_msp.o(.revsh_text), (4 bytes).
    Removing stm32f4xx_hal_msp.o(.rrx_text), (6 bytes).
    Removing stm32f4xx_hal_msp.o(.ARM.exidx), (8 bytes).
    Removing stm32f4xx_hal_tim.o(.rev16_text), (4 bytes).
    Removing stm32f4xx_hal_tim.o(.revsh_text), (4 bytes).
    Removing stm32f4xx_hal_tim.o(.rrx_text), (6 bytes).
    Removing stm32f4xx_hal_tim_ex.o(.rev16_text), (4 bytes).
    Removing stm32f4xx_hal_tim_ex.o(.revsh_text), (4 bytes).
    Removing stm32f4xx_hal_tim_ex.o(.rrx_text), (6 bytes).
    Removing stm32f4xx_hal_rcc.o(.rev16_text), (4 bytes).
    Removing stm32f4xx_hal_rcc.o(.revsh_text), (4 bytes).
    Removing stm32f4xx_hal_rcc.o(.rrx_text), (6 bytes).
    Removing stm32f4xx_hal_rcc.o(i.HAL_RCC_CSSCallback), (2 bytes).
    Removing stm32f4xx_hal_rcc.o(i.HAL_RCC_DeInit), (4 bytes).
    Removing stm32f4xx_hal_rcc.o(i.HAL_RCC_DisableCSS), (12 bytes).
    Removing stm32f4xx_hal_rcc.o(i.HAL_RCC_EnableCSS), (12 bytes).
    Removing stm32f4xx_hal_rcc.o(i.HAL_RCC_GetClockConfig), (64 bytes).
    Removing stm32f4xx_hal_rcc.o(i.HAL_RCC_GetHCLKFreq), (12 bytes).
    Removing stm32f4xx_hal_rcc.o(i.HAL_RCC_GetOscConfig), (180 bytes).
    Removing stm32f4xx_hal_rcc.o(i.HAL_RCC_GetPCLK1Freq), (32 bytes).
    Removing stm32f4xx_hal_rcc.o(i.HAL_RCC_GetPCLK2Freq), (32 bytes).
    Removing stm32f4xx_hal_rcc.o(i.HAL_RCC_MCOConfig), (140 bytes).
    Removing stm32f4xx_hal_rcc.o(i.HAL_RCC_NMI_IRQHandler), (28 bytes).
    Removing stm32f4xx_hal_rcc.o(.ARM.exidx), (8 bytes).
    Removing stm32f4xx_hal_rcc.o(.ARM.exidx), (8 bytes).
    Removing stm32f4xx_hal_rcc.o(.ARM.exidx), (8 bytes).
    Removing stm32f4xx_hal_rcc.o(.ARM.exidx), (8 bytes).
    Removing stm32f4xx_hal_rcc.o(.ARM.exidx), (8 bytes).
    Removing stm32f4xx_hal_rcc.o(.ARM.exidx), (8 bytes).
    Removing stm32f4xx_hal_rcc.o(.ARM.exidx), (8 bytes).
    Removing stm32f4xx_hal_rcc.o(.ARM.exidx), (8 bytes).
    Removing stm32f4xx_hal_rcc.o(.ARM.exidx), (8 bytes).
    Removing stm32f4xx_hal_rcc.o(.ARM.exidx), (8 bytes).
    Removing stm32f4xx_hal_rcc.o(.ARM.exidx), (8 bytes).
    Removing stm32f4xx_hal_rcc.o(.ARM.exidx), (8 bytes).
    Removing stm32f4xx_hal_rcc.o(.ARM.exidx), (8 bytes).
    Removing stm32f4xx_hal_rcc.o(.ARM.exidx), (8 bytes).
    Removing stm32f4xx_hal_rcc_ex.o(.rev16_text), (4 bytes).
    Removing stm32f4xx_hal_rcc_ex.o(.revsh_text), (4 bytes).
    Removing stm32f4xx_hal_rcc_ex.o(.rrx_text), (6 bytes).
    Removing stm32f4xx_hal_rcc_ex.o(i.HAL_RCCEx_DisablePLLI2S), (52 bytes).
    Removing stm32f4xx_hal_rcc_ex.o(i.HAL_RCCEx_DisablePLLSAI), (56 bytes).
    Removing stm32f4xx_hal_rcc_ex.o(i.HAL_RCCEx_EnablePLLI2S), (112 bytes).
    Removing stm32f4xx_hal_rcc_ex.o(i.HAL_RCCEx_EnablePLLSAI), (112 bytes).
    Removing stm32f4xx_hal_rcc_ex.o(i.HAL_RCCEx_GetPeriphCLKConfig), (132 bytes).
    Removing stm32f4xx_hal_rcc_ex.o(i.HAL_RCCEx_GetPeriphCLKFreq), (92 bytes).
    Removing stm32f4xx_hal_rcc_ex.o(i.HAL_RCCEx_PeriphCLKConfig), (596 bytes).
    Removing stm32f4xx_hal_rcc_ex.o(i.HAL_RCC_DeInit), (360 bytes).
    Removing stm32f4xx_hal_rcc_ex.o(.ARM.exidx), (8 bytes).
    Removing stm32f4xx_hal_rcc_ex.o(.ARM.exidx), (8 bytes).
    Removing stm32f4xx_hal_rcc_ex.o(.ARM.exidx), (8 bytes).
    Removing stm32f4xx_hal_rcc_ex.o(.ARM.exidx), (8 bytes).
    Removing stm32f4xx_hal_rcc_ex.o(.ARM.exidx), (8 bytes).
    Removing stm32f4xx_hal_rcc_ex.o(.ARM.exidx), (8 bytes).
    Removing stm32f4xx_hal_rcc_ex.o(.ARM.exidx), (8 bytes).
    Removing stm32f4xx_hal_rcc_ex.o(.ARM.exidx), (8 bytes).
    Removing stm32f4xx_hal_flash.o(.rev16_text), (4 bytes).
    Removing stm32f4xx_hal_flash.o(.revsh_text), (4 bytes).
    Removing stm32f4xx_hal_flash.o(.rrx_text), (6 bytes).
    Removing stm32f4xx_hal_flash.o(i.FLASH_WaitForLastOperation), (80 bytes).
    Removing stm32f4xx_hal_flash.o(i.HAL_FLASH_EndOfOperationCallback), (2 bytes).
    Removing stm32f4xx_hal_flash.o(i.HAL_FLASH_GetError), (12 bytes).
    Removing stm32f4xx_hal_flash.o(i.HAL_FLASH_IRQHandler), (204 bytes).
    Removing stm32f4xx_hal_flash.o(i.HAL_FLASH_Lock), (20 bytes).
    Removing stm32f4xx_hal_flash.o(i.HAL_FLASH_OB_Launch), (24 bytes).
    Removing stm32f4xx_hal_flash.o(i.HAL_FLASH_OB_Lock), (20 bytes).
    Removing stm32f4xx_hal_flash.o(i.HAL_FLASH_OB_Unlock), (40 bytes).
    Removing stm32f4xx_hal_flash.o(i.HAL_FLASH_OperationErrorCallback), (2 bytes).
    Removing stm32f4xx_hal_flash.o(i.HAL_FLASH_Program), (124 bytes).
    Removing stm32f4xx_hal_flash.o(i.HAL_FLASH_Program_IT), (108 bytes).
    Removing stm32f4xx_hal_flash.o(i.HAL_FLASH_Unlock), (44 bytes).
    Removing stm32f4xx_hal_flash.o(i._ZN43_INTERNAL_21_stm32f4xx_hal_flash_c_48aa8f3e18FLASH_Program_ByteEjh), (32 bytes).
    Removing stm32f4xx_hal_flash.o(i._ZN43_INTERNAL_21_stm32f4xx_hal_flash_c_48aa8f3e18FLASH_Program_WordEjj), (36 bytes).
    Removing stm32f4xx_hal_flash.o(i._ZN43_INTERNAL_21_stm32f4xx_hal_flash_c_48aa8f3e18FLASH_SetErrorCodeEv), (124 bytes).
    Removing stm32f4xx_hal_flash.o(i._ZN43_INTERNAL_21_stm32f4xx_hal_flash_c_48aa8f3e22FLASH_Program_HalfWordEjt), (36 bytes).
    Removing stm32f4xx_hal_flash.o(i._ZN43_INTERNAL_21_stm32f4xx_hal_flash_c_48aa8f3e24FLASH_Program_DoubleWordEjy), (44 bytes).
    Removing stm32f4xx_hal_flash.o(.ARM.exidx), (8 bytes).
    Removing stm32f4xx_hal_flash.o(.ARM.exidx), (8 bytes).
    Removing stm32f4xx_hal_flash.o(.ARM.exidx), (8 bytes).
    Removing stm32f4xx_hal_flash.o(.ARM.exidx), (8 bytes).
    Removing stm32f4xx_hal_flash.o(.ARM.exidx), (8 bytes).
    Removing stm32f4xx_hal_flash.o(.ARM.exidx), (8 bytes).
    Removing stm32f4xx_hal_flash.o(.ARM.exidx), (8 bytes).
    Removing stm32f4xx_hal_flash.o(.ARM.exidx), (8 bytes).
    Removing stm32f4xx_hal_flash.o(.ARM.exidx), (8 bytes).
    Removing stm32f4xx_hal_flash.o(.ARM.exidx), (8 bytes).
    Removing stm32f4xx_hal_flash.o(.ARM.exidx), (8 bytes).
    Removing stm32f4xx_hal_flash.o(.ARM.exidx), (8 bytes).
    Removing stm32f4xx_hal_flash.o(.ARM.exidx), (8 bytes).
    Removing stm32f4xx_hal_flash.o(.ARM.exidx), (8 bytes).
    Removing stm32f4xx_hal_flash.o(.ARM.exidx), (8 bytes).
    Removing stm32f4xx_hal_flash.o(.ARM.exidx), (8 bytes).
    Removing stm32f4xx_hal_flash.o(.ARM.exidx), (8 bytes).
    Removing stm32f4xx_hal_flash.o(.bss), (32 bytes).
    Removing stm32f4xx_hal_flash_ex.o(.rev16_text), (4 bytes).
    Removing stm32f4xx_hal_flash_ex.o(.revsh_text), (4 bytes).
    Removing stm32f4xx_hal_flash_ex.o(.rrx_text), (6 bytes).
    Removing stm32f4xx_hal_flash_ex.o(i.FLASH_Erase_Sector), (84 bytes).
    Removing stm32f4xx_hal_flash_ex.o(i.FLASH_FlushCaches), (84 bytes).
    Removing stm32f4xx_hal_flash_ex.o(i.HAL_FLASHEx_AdvOBGetConfig), (28 bytes).
    Removing stm32f4xx_hal_flash_ex.o(i.HAL_FLASHEx_AdvOBProgram), (188 bytes).
    Removing stm32f4xx_hal_flash_ex.o(i.HAL_FLASHEx_Erase), (156 bytes).
    Removing stm32f4xx_hal_flash_ex.o(i.HAL_FLASHEx_Erase_IT), (104 bytes).
    Removing stm32f4xx_hal_flash_ex.o(i.HAL_FLASHEx_OBGetConfig), (64 bytes).
    Removing stm32f4xx_hal_flash_ex.o(i.HAL_FLASHEx_OBProgram), (184 bytes).
    Removing stm32f4xx_hal_flash_ex.o(i.HAL_FLASHEx_OB_DeSelectPCROP), (20 bytes).
    Removing stm32f4xx_hal_flash_ex.o(i.HAL_FLASHEx_OB_GetBank2WRP), (12 bytes).
    Removing stm32f4xx_hal_flash_ex.o(i.HAL_FLASHEx_OB_SelectPCROP), (24 bytes).
    Removing stm32f4xx_hal_flash_ex.o(i._ZN46_INTERNAL_24_stm32f4xx_hal_flash_ex_c_6648b60e15FLASH_MassEraseEhj), (64 bytes).
    Removing stm32f4xx_hal_flash_ex.o(i._ZN46_INTERNAL_24_stm32f4xx_hal_flash_ex_c_6648b60e18FLASH_OB_EnableWRPEjj), (116 bytes).
    Removing stm32f4xx_hal_flash_ex.o(i._ZN46_INTERNAL_24_stm32f4xx_hal_flash_ex_c_6648b60e19FLASH_OB_DisableWRPEjj), (112 bytes).
    Removing stm32f4xx_hal_flash_ex.o(.ARM.exidx), (8 bytes).
    Removing stm32f4xx_hal_flash_ex.o(.ARM.exidx), (8 bytes).
    Removing stm32f4xx_hal_flash_ex.o(.ARM.exidx), (8 bytes).
    Removing stm32f4xx_hal_flash_ex.o(.ARM.exidx), (8 bytes).
    Removing stm32f4xx_hal_flash_ex.o(.ARM.exidx), (8 bytes).
    Removing stm32f4xx_hal_flash_ex.o(.ARM.exidx), (8 bytes).
    Removing stm32f4xx_hal_flash_ex.o(.ARM.exidx), (8 bytes).
    Removing stm32f4xx_hal_flash_ex.o(.ARM.exidx), (8 bytes).
    Removing stm32f4xx_hal_flash_ex.o(.ARM.exidx), (8 bytes).
    Removing stm32f4xx_hal_flash_ex.o(.ARM.exidx), (8 bytes).
    Removing stm32f4xx_hal_flash_ex.o(.ARM.exidx), (8 bytes).
    Removing stm32f4xx_hal_flash_ex.o(.ARM.exidx), (8 bytes).
    Removing stm32f4xx_hal_flash_ex.o(.ARM.exidx), (8 bytes).
    Removing stm32f4xx_hal_flash_ex.o(.ARM.exidx), (8 bytes).
    Removing stm32f4xx_hal_flash_ramfunc.o(.rev16_text), (4 bytes).
    Removing stm32f4xx_hal_flash_ramfunc.o(.revsh_text), (4 bytes).
    Removing stm32f4xx_hal_flash_ramfunc.o(.rrx_text), (6 bytes).
    Removing stm32f4xx_hal_gpio.o(.rev16_text), (4 bytes).
    Removing stm32f4xx_hal_gpio.o(.revsh_text), (4 bytes).
    Removing stm32f4xx_hal_gpio.o(.rrx_text), (6 bytes).
    Removing stm32f4xx_hal_gpio.o(i.HAL_GPIO_DeInit), (396 bytes).
    Removing stm32f4xx_hal_gpio.o(i.HAL_GPIO_EXTI_Callback), (2 bytes).
    Removing stm32f4xx_hal_gpio.o(i.HAL_GPIO_EXTI_IRQHandler), (24 bytes).
    Removing stm32f4xx_hal_gpio.o(i.HAL_GPIO_LockPin), (34 bytes).
    Removing stm32f4xx_hal_gpio.o(i.HAL_GPIO_ReadPin), (10 bytes).
    Removing stm32f4xx_hal_gpio.o(.ARM.exidx), (8 bytes).
    Removing stm32f4xx_hal_gpio.o(.ARM.exidx), (8 bytes).
    Removing stm32f4xx_hal_gpio.o(.ARM.exidx), (8 bytes).
    Removing stm32f4xx_hal_gpio.o(.ARM.exidx), (8 bytes).
    Removing stm32f4xx_hal_gpio.o(.ARM.exidx), (8 bytes).
    Removing stm32f4xx_hal_gpio.o(.ARM.exidx), (8 bytes).
    Removing stm32f4xx_hal_gpio.o(.ARM.exidx), (8 bytes).
    Removing stm32f4xx_hal_gpio.o(.ARM.exidx), (8 bytes).
    Removing stm32f4xx_hal_dma_ex.o(.rev16_text), (4 bytes).
    Removing stm32f4xx_hal_dma_ex.o(.revsh_text), (4 bytes).
    Removing stm32f4xx_hal_dma_ex.o(.rrx_text), (6 bytes).
    Removing stm32f4xx_hal_dma_ex.o(i.HAL_DMAEx_ChangeMemory), (14 bytes).
    Removing stm32f4xx_hal_dma_ex.o(i.HAL_DMAEx_MultiBufferStart), (100 bytes).
    Removing stm32f4xx_hal_dma_ex.o(i.HAL_DMAEx_MultiBufferStart_IT), (2432 bytes).
    Removing stm32f4xx_hal_dma_ex.o(i._ZN44_INTERNAL_22_stm32f4xx_hal_dma_ex_c_af8eecb024DMA_MultiBufferSetConfigEP19__DMA_HandleTypeDefjjj), (30 bytes).
    Removing stm32f4xx_hal_dma_ex.o(.ARM.exidx), (8 bytes).
    Removing stm32f4xx_hal_dma_ex.o(.ARM.exidx), (8 bytes).
    Removing stm32f4xx_hal_dma_ex.o(.ARM.exidx), (8 bytes).
    Removing stm32f4xx_hal_dma_ex.o(.ARM.exidx), (8 bytes).
    Removing stm32f4xx_hal_dma.o(.rev16_text), (4 bytes).
    Removing stm32f4xx_hal_dma.o(.revsh_text), (4 bytes).
    Removing stm32f4xx_hal_dma.o(.rrx_text), (6 bytes).
    Removing stm32f4xx_hal_dma.o(i.HAL_DMA_Abort), (142 bytes).
    Removing stm32f4xx_hal_dma.o(i.HAL_DMA_Abort_IT), (36 bytes).
    Removing stm32f4xx_hal_dma.o(i.HAL_DMA_DeInit), (98 bytes).
    Removing stm32f4xx_hal_dma.o(i.HAL_DMA_GetError), (4 bytes).
    Removing stm32f4xx_hal_dma.o(i.HAL_DMA_GetState), (6 bytes).
    Removing stm32f4xx_hal_dma.o(i.HAL_DMA_IRQHandler), (416 bytes).
    Removing stm32f4xx_hal_dma.o(i.HAL_DMA_Init), (212 bytes).
    Removing stm32f4xx_hal_dma.o(i.HAL_DMA_PollForTransfer), (292 bytes).
    Removing stm32f4xx_hal_dma.o(i.HAL_DMA_Start), (70 bytes).
    Removing stm32f4xx_hal_dma.o(i.HAL_DMA_Start_IT), (110 bytes).
    Removing stm32f4xx_hal_dma.o(i.HAL_DMA_UnRegisterCallback), (96 bytes).
    Removing stm32f4xx_hal_dma.o(i._Z24HAL_DMA_RegisterCallbackP19__DMA_HandleTypeDef25HAL_DMA_CallbackIDTypeDefPFvS0_E), (80 bytes).
    Removing stm32f4xx_hal_dma.o(i._ZN41_INTERNAL_19_stm32f4xx_hal_dma_c_c25f65ec13DMA_SetConfigEP19__DMA_HandleTypeDefjjj), (40 bytes).
    Removing stm32f4xx_hal_dma.o(i._ZN41_INTERNAL_19_stm32f4xx_hal_dma_c_c25f65ec18DMA_CheckFifoParamEP19__DMA_HandleTypeDef), (84 bytes).
    Removing stm32f4xx_hal_dma.o(i._ZN41_INTERNAL_19_stm32f4xx_hal_dma_c_c25f65ec23DMA_CalcBaseAndBitshiftEP19__DMA_HandleTypeDef), (40 bytes).
    Removing stm32f4xx_hal_dma.o(.ARM.exidx), (8 bytes).
    Removing stm32f4xx_hal_dma.o(.ARM.exidx), (8 bytes).
    Removing stm32f4xx_hal_dma.o(.ARM.exidx), (8 bytes).
    Removing stm32f4xx_hal_dma.o(.ARM.exidx), (8 bytes).
    Removing stm32f4xx_hal_dma.o(.ARM.exidx), (8 bytes).
    Removing stm32f4xx_hal_dma.o(.ARM.exidx), (8 bytes).
    Removing stm32f4xx_hal_dma.o(.ARM.exidx), (8 bytes).
    Removing stm32f4xx_hal_dma.o(.ARM.exidx), (8 bytes).
    Removing stm32f4xx_hal_dma.o(.ARM.exidx), (8 bytes).
    Removing stm32f4xx_hal_dma.o(.ARM.exidx), (8 bytes).
    Removing stm32f4xx_hal_dma.o(.ARM.exidx), (8 bytes).
    Removing stm32f4xx_hal_dma.o(.ARM.exidx), (8 bytes).
    Removing stm32f4xx_hal_dma.o(.ARM.exidx), (8 bytes).
    Removing stm32f4xx_hal_dma.o(.ARM.exidx), (8 bytes).
    Removing stm32f4xx_hal_dma.o(.ARM.exidx), (8 bytes).
    Removing stm32f4xx_hal_dma.o(.constdata), (8 bytes).
    Removing stm32f4xx_hal_pwr.o(.rev16_text), (4 bytes).
    Removing stm32f4xx_hal_pwr.o(.revsh_text), (4 bytes).
    Removing stm32f4xx_hal_pwr.o(.rrx_text), (6 bytes).
    Removing stm32f4xx_hal_pwr.o(i.HAL_PWR_ConfigPVD), (124 bytes).
    Removing stm32f4xx_hal_pwr.o(i.HAL_PWR_DeInit), (24 bytes).
    Removing stm32f4xx_hal_pwr.o(i.HAL_PWR_DisableBkUpAccess), (12 bytes).
    Removing stm32f4xx_hal_pwr.o(i.HAL_PWR_DisablePVD), (12 bytes).
    Removing stm32f4xx_hal_pwr.o(i.HAL_PWR_DisableSEVOnPend), (16 bytes).
    Removing stm32f4xx_hal_pwr.o(i.HAL_PWR_DisableSleepOnExit), (16 bytes).
    Removing stm32f4xx_hal_pwr.o(i.HAL_PWR_DisableWakeUpPin), (16 bytes).
    Removing stm32f4xx_hal_pwr.o(i.HAL_PWR_EnableBkUpAccess), (12 bytes).
    Removing stm32f4xx_hal_pwr.o(i.HAL_PWR_EnablePVD), (12 bytes).
    Removing stm32f4xx_hal_pwr.o(i.HAL_PWR_EnableSEVOnPend), (16 bytes).
    Removing stm32f4xx_hal_pwr.o(i.HAL_PWR_EnableSleepOnExit), (16 bytes).
    Removing stm32f4xx_hal_pwr.o(i.HAL_PWR_EnableWakeUpPin), (16 bytes).
    Removing stm32f4xx_hal_pwr.o(i.HAL_PWR_EnterSLEEPMode), (32 bytes).
    Removing stm32f4xx_hal_pwr.o(i.HAL_PWR_EnterSTANDBYMode), (32 bytes).
    Removing stm32f4xx_hal_pwr.o(i.HAL_PWR_EnterSTOPMode), (56 bytes).
    Removing stm32f4xx_hal_pwr.o(i.HAL_PWR_PVDCallback), (2 bytes).
    Removing stm32f4xx_hal_pwr.o(i.HAL_PWR_PVD_IRQHandler), (28 bytes).
    Removing stm32f4xx_hal_pwr.o(.ARM.exidx), (8 bytes).
    Removing stm32f4xx_hal_pwr.o(.ARM.exidx), (8 bytes).
    Removing stm32f4xx_hal_pwr.o(.ARM.exidx), (8 bytes).
    Removing stm32f4xx_hal_pwr.o(.ARM.exidx), (8 bytes).
    Removing stm32f4xx_hal_pwr.o(.ARM.exidx), (8 bytes).
    Removing stm32f4xx_hal_pwr.o(.ARM.exidx), (8 bytes).
    Removing stm32f4xx_hal_pwr.o(.ARM.exidx), (8 bytes).
    Removing stm32f4xx_hal_pwr.o(.ARM.exidx), (8 bytes).
    Removing stm32f4xx_hal_pwr.o(.ARM.exidx), (8 bytes).
    Removing stm32f4xx_hal_pwr.o(.ARM.exidx), (8 bytes).
    Removing stm32f4xx_hal_pwr.o(.ARM.exidx), (8 bytes).
    Removing stm32f4xx_hal_pwr.o(.ARM.exidx), (8 bytes).
    Removing stm32f4xx_hal_pwr.o(.ARM.exidx), (8 bytes).
    Removing stm32f4xx_hal_pwr.o(.ARM.exidx), (8 bytes).
    Removing stm32f4xx_hal_pwr.o(.ARM.exidx), (8 bytes).
    Removing stm32f4xx_hal_pwr.o(.ARM.exidx), (8 bytes).
    Removing stm32f4xx_hal_pwr.o(.ARM.exidx), (8 bytes).
    Removing stm32f4xx_hal_pwr_ex.o(.rev16_text), (4 bytes).
    Removing stm32f4xx_hal_pwr_ex.o(.revsh_text), (4 bytes).
    Removing stm32f4xx_hal_pwr_ex.o(.rrx_text), (6 bytes).
    Removing stm32f4xx_hal_pwr_ex.o(i.HAL_PWREx_ControlVoltageScaling), (176 bytes).
    Removing stm32f4xx_hal_pwr_ex.o(i.HAL_PWREx_DisableBkUpReg), (60 bytes).
    Removing stm32f4xx_hal_pwr_ex.o(i.HAL_PWREx_DisableFlashPowerDown), (12 bytes).
    Removing stm32f4xx_hal_pwr_ex.o(i.HAL_PWREx_DisableOverDrive), (112 bytes).
    Removing stm32f4xx_hal_pwr_ex.o(i.HAL_PWREx_EnableBkUpReg), (60 bytes).
    Removing stm32f4xx_hal_pwr_ex.o(i.HAL_PWREx_EnableFlashPowerDown), (12 bytes).
    Removing stm32f4xx_hal_pwr_ex.o(i.HAL_PWREx_EnableOverDrive), (112 bytes).
    Removing stm32f4xx_hal_pwr_ex.o(i.HAL_PWREx_EnterUnderDriveSTOPMode), (96 bytes).
    Removing stm32f4xx_hal_pwr_ex.o(i.HAL_PWREx_GetVoltageRange), (16 bytes).
    Removing stm32f4xx_hal_pwr_ex.o(.ARM.exidx), (8 bytes).
    Removing stm32f4xx_hal_pwr_ex.o(.ARM.exidx), (8 bytes).
    Removing stm32f4xx_hal_pwr_ex.o(.ARM.exidx), (8 bytes).
    Removing stm32f4xx_hal_pwr_ex.o(.ARM.exidx), (8 bytes).
    Removing stm32f4xx_hal_pwr_ex.o(.ARM.exidx), (8 bytes).
    Removing stm32f4xx_hal_pwr_ex.o(.ARM.exidx), (8 bytes).
    Removing stm32f4xx_hal_pwr_ex.o(.ARM.exidx), (8 bytes).
    Removing stm32f4xx_hal_pwr_ex.o(.ARM.exidx), (8 bytes).
    Removing stm32f4xx_hal_pwr_ex.o(.ARM.exidx), (8 bytes).
    Removing stm32f4xx_hal_cortex.o(.rev16_text), (4 bytes).
    Removing stm32f4xx_hal_cortex.o(.revsh_text), (4 bytes).
    Removing stm32f4xx_hal_cortex.o(.rrx_text), (6 bytes).
    Removing stm32f4xx_hal_cortex.o(i.HAL_MPU_ConfigRegion), (84 bytes).
    Removing stm32f4xx_hal_cortex.o(i.HAL_MPU_Disable), (28 bytes).
    Removing stm32f4xx_hal_cortex.o(i.HAL_MPU_Enable), (36 bytes).
    Removing stm32f4xx_hal_cortex.o(i.HAL_NVIC_ClearPendingIRQ), (26 bytes).
    Removing stm32f4xx_hal_cortex.o(i.HAL_NVIC_DisableIRQ), (34 bytes).
    Removing stm32f4xx_hal_cortex.o(i.HAL_NVIC_EnableIRQ), (26 bytes).
    Removing stm32f4xx_hal_cortex.o(i.HAL_NVIC_GetActive), (36 bytes).
    Removing stm32f4xx_hal_cortex.o(i.HAL_NVIC_GetPendingIRQ), (36 bytes).
    Removing stm32f4xx_hal_cortex.o(i.HAL_NVIC_GetPriority), (82 bytes).
    Removing stm32f4xx_hal_cortex.o(i.HAL_NVIC_GetPriorityGrouping), (16 bytes).
    Removing stm32f4xx_hal_cortex.o(i.HAL_NVIC_SetPendingIRQ), (26 bytes).
    Removing stm32f4xx_hal_cortex.o(i.HAL_NVIC_SystemReset), (36 bytes).
    Removing stm32f4xx_hal_cortex.o(i.HAL_SYSTICK_CLKSourceConfig), (24 bytes).
    Removing stm32f4xx_hal_cortex.o(i.HAL_SYSTICK_Callback), (2 bytes).
    Removing stm32f4xx_hal_cortex.o(i.HAL_SYSTICK_IRQHandler), (8 bytes).
    Removing stm32f4xx_hal_cortex.o(.ARM.exidx), (8 bytes).
    Removing stm32f4xx_hal_cortex.o(.ARM.exidx), (8 bytes).
    Removing stm32f4xx_hal_cortex.o(.ARM.exidx), (8 bytes).
    Removing stm32f4xx_hal_cortex.o(.ARM.exidx), (8 bytes).
    Removing stm32f4xx_hal_cortex.o(.ARM.exidx), (8 bytes).
    Removing stm32f4xx_hal_cortex.o(.ARM.exidx), (8 bytes).
    Removing stm32f4xx_hal_cortex.o(.ARM.exidx), (8 bytes).
    Removing stm32f4xx_hal_cortex.o(.ARM.exidx), (8 bytes).
    Removing stm32f4xx_hal_cortex.o(.ARM.exidx), (8 bytes).
    Removing stm32f4xx_hal_cortex.o(.ARM.exidx), (8 bytes).
    Removing stm32f4xx_hal_cortex.o(.ARM.exidx), (8 bytes).
    Removing stm32f4xx_hal_cortex.o(.ARM.exidx), (8 bytes).
    Removing stm32f4xx_hal_cortex.o(.ARM.exidx), (8 bytes).
    Removing stm32f4xx_hal_cortex.o(.ARM.exidx), (8 bytes).
    Removing stm32f4xx_hal_cortex.o(.ARM.exidx), (8 bytes).
    Removing stm32f4xx_hal_cortex.o(.ARM.exidx), (8 bytes).
    Removing stm32f4xx_hal_cortex.o(.ARM.exidx), (8 bytes).
    Removing stm32f4xx_hal_cortex.o(.ARM.exidx), (8 bytes).
    Removing stm32f4xx_hal_cortex.o(.ARM.exidx), (8 bytes).
    Removing stm32f4xx_hal.o(.rev16_text), (4 bytes).
    Removing stm32f4xx_hal.o(.revsh_text), (4 bytes).
    Removing stm32f4xx_hal.o(.rrx_text), (6 bytes).
    Removing stm32f4xx_hal.o(i.HAL_DBGMCU_DisableDBGSleepMode), (16 bytes).
    Removing stm32f4xx_hal.o(i.HAL_DBGMCU_DisableDBGStandbyMode), (16 bytes).
    Removing stm32f4xx_hal.o(i.HAL_DBGMCU_DisableDBGStopMode), (16 bytes).
    Removing stm32f4xx_hal.o(i.HAL_DBGMCU_EnableDBGSleepMode), (16 bytes).
    Removing stm32f4xx_hal.o(i.HAL_DBGMCU_EnableDBGStandbyMode), (16 bytes).
    Removing stm32f4xx_hal.o(i.HAL_DBGMCU_EnableDBGStopMode), (16 bytes).
    Removing stm32f4xx_hal.o(i.HAL_DeInit), (52 bytes).
    Removing stm32f4xx_hal.o(i.HAL_DisableCompensationCell), (12 bytes).
    Removing stm32f4xx_hal.o(i.HAL_DisableMemorySwappingBank), (12 bytes).
    Removing stm32f4xx_hal.o(i.HAL_EnableCompensationCell), (12 bytes).
    Removing stm32f4xx_hal.o(i.HAL_EnableMemorySwappingBank), (12 bytes).
    Removing stm32f4xx_hal.o(i.HAL_GetDEVID), (16 bytes).
    Removing stm32f4xx_hal.o(i.HAL_GetHalVersion), (8 bytes).
    Removing stm32f4xx_hal.o(i.HAL_GetREVID), (12 bytes).
    Removing stm32f4xx_hal.o(i.HAL_GetTickFreq), (12 bytes).
    Removing stm32f4xx_hal.o(i.HAL_GetTickPrio), (12 bytes).
    Removing stm32f4xx_hal.o(i.HAL_GetUIDw0), (12 bytes).
    Removing stm32f4xx_hal.o(i.HAL_GetUIDw1), (12 bytes).
    Removing stm32f4xx_hal.o(i.HAL_GetUIDw2), (12 bytes).
    Removing stm32f4xx_hal.o(i.HAL_MspDeInit), (2 bytes).
    Removing stm32f4xx_hal.o(i.HAL_MspInit), (2 bytes).
    Removing stm32f4xx_hal.o(i.HAL_ResumeTick), (14 bytes).
    Removing stm32f4xx_hal.o(i.HAL_SetTickFreq), (36 bytes).
    Removing stm32f4xx_hal.o(i.HAL_SuspendTick), (14 bytes).
    Removing stm32f4xx_hal.o(.ARM.exidx), (8 bytes).
    Removing stm32f4xx_hal.o(.ARM.exidx), (8 bytes).
    Removing stm32f4xx_hal.o(.ARM.exidx), (8 bytes).
    Removing stm32f4xx_hal.o(.ARM.exidx), (8 bytes).
    Removing stm32f4xx_hal.o(.ARM.exidx), (8 bytes).
    Removing stm32f4xx_hal.o(.ARM.exidx), (8 bytes).
    Removing stm32f4xx_hal.o(.ARM.exidx), (8 bytes).
    Removing stm32f4xx_hal.o(.ARM.exidx), (8 bytes).
    Removing stm32f4xx_hal.o(.ARM.exidx), (8 bytes).
    Removing stm32f4xx_hal.o(.ARM.exidx), (8 bytes).
    Removing stm32f4xx_hal.o(.ARM.exidx), (8 bytes).
    Removing stm32f4xx_hal.o(.ARM.exidx), (8 bytes).
    Removing stm32f4xx_hal.o(.ARM.exidx), (8 bytes).
    Removing stm32f4xx_hal.o(.ARM.exidx), (8 bytes).
    Removing stm32f4xx_hal.o(.ARM.exidx), (8 bytes).
    Removing stm32f4xx_hal.o(.ARM.exidx), (8 bytes).
    Removing stm32f4xx_hal.o(.ARM.exidx), (8 bytes).
    Removing stm32f4xx_hal.o(.ARM.exidx), (8 bytes).
    Removing stm32f4xx_hal.o(.ARM.exidx), (8 bytes).
    Removing stm32f4xx_hal.o(.ARM.exidx), (8 bytes).
    Removing stm32f4xx_hal.o(.ARM.exidx), (8 bytes).
    Removing stm32f4xx_hal.o(.ARM.exidx), (8 bytes).
    Removing stm32f4xx_hal.o(.ARM.exidx), (8 bytes).
    Removing stm32f4xx_hal.o(.ARM.exidx), (8 bytes).
    Removing stm32f4xx_hal.o(.ARM.exidx), (8 bytes).
    Removing stm32f4xx_hal.o(.ARM.exidx), (8 bytes).
    Removing stm32f4xx_hal.o(.ARM.exidx), (8 bytes).
    Removing stm32f4xx_hal.o(.ARM.exidx), (8 bytes).
    Removing stm32f4xx_hal.o(.ARM.exidx), (8 bytes).
    Removing stm32f4xx_hal_exti.o(.rev16_text), (4 bytes).
    Removing stm32f4xx_hal_exti.o(.revsh_text), (4 bytes).
    Removing stm32f4xx_hal_exti.o(.rrx_text), (6 bytes).
    Removing stm32f4xx_hal_exti.o(i.HAL_EXTI_ClearConfigLine), (108 bytes).
    Removing stm32f4xx_hal_exti.o(i.HAL_EXTI_ClearPending), (20 bytes).
    Removing stm32f4xx_hal_exti.o(i.HAL_EXTI_GenerateSWI), (20 bytes).
    Removing stm32f4xx_hal_exti.o(i.HAL_EXTI_GetConfigLine), (156 bytes).
    Removing stm32f4xx_hal_exti.o(i.HAL_EXTI_GetHandle), (12 bytes).
    Removing stm32f4xx_hal_exti.o(i.HAL_EXTI_GetPending), (24 bytes).
    Removing stm32f4xx_hal_exti.o(i.HAL_EXTI_IRQHandler), (36 bytes).
    Removing stm32f4xx_hal_exti.o(i.HAL_EXTI_SetConfigLine), (168 bytes).
    Removing stm32f4xx_hal_exti.o(i._Z25HAL_EXTI_RegisterCallbackP18EXTI_HandleTypeDef22EXTI_CallbackIDTypeDefPFvvE), (14 bytes).
    Removing stm32f4xx_hal_exti.o(.ARM.exidx), (8 bytes).
    Removing stm32f4xx_hal_exti.o(.ARM.exidx), (8 bytes).
    Removing stm32f4xx_hal_exti.o(.ARM.exidx), (8 bytes).
    Removing stm32f4xx_hal_exti.o(.ARM.exidx), (8 bytes).
    Removing stm32f4xx_hal_exti.o(.ARM.exidx), (8 bytes).
    Removing stm32f4xx_hal_exti.o(.ARM.exidx), (8 bytes).
    Removing stm32f4xx_hal_exti.o(.ARM.exidx), (8 bytes).
    Removing stm32f4xx_hal_exti.o(.ARM.exidx), (8 bytes).
    Removing stm32f4xx_hal_exti.o(.ARM.exidx), (8 bytes).
    Removing system_stm32f4xx.o(.rev16_text), (4 bytes).
    Removing system_stm32f4xx.o(.revsh_text), (4 bytes).
    Removing system_stm32f4xx.o(.rrx_text), (6 bytes).
    Removing system_stm32f4xx.o(i.SystemCoreClockUpdate), (124 bytes).
    Removing system_stm32f4xx.o(.ARM.exidx), (8 bytes).
    Removing system_stm32f4xx.o(.ARM.exidx), (8 bytes).
    Removing system_stm32f4xx.o(.constdata), (8 bytes).
    Removing ledcpp.o(.rev16_text), (4 bytes).
    Removing ledcpp.o(.revsh_text), (4 bytes).
    Removing ledcpp.o(.rrx_text), (6 bytes).
    Removing ledcpp.o(i._ZN4CLed2onEv), (10 bytes).
    Removing ledcpp.o(i._ZN4CLed3offEv), (10 bytes).
    Removing ledcpp.o(.ARM.exidx), (8 bytes).
    Removing ledcpp.o(.ARM.exidx), (8 bytes).
    Removing ledcpp.o(.ARM.exidx), (8 bytes).
    Removing ledcpp.o(.ARM.exidx), (8 bytes).

400 unused section(s) (total 13966 bytes) removed from the image.

==============================================================================

Image Symbol Table

    Local Symbols

    Symbol Name                              Value     Ov Type        Size  Object(Section)

    ../Core/Src/main.c                       0x00000000   Number         0  main.o ABSOLUTE
    ../Core/Src/stm32f4xx_hal_msp.c          0x00000000   Number         0  stm32f4xx_hal_msp.o ABSOLUTE
    ../Core/Src/stm32f4xx_it.c               0x00000000   Number         0  stm32f4xx_it.o ABSOLUTE
    ../Core/Src/system_stm32f4xx.c           0x00000000   Number         0  system_stm32f4xx.o ABSOLUTE
    ../clib/microlib/cpp/cpp_init.c          0x00000000   Number         0  cpp_init.o ABSOLUTE
    ../clib/microlib/cpp/cpp_init.c          0x00000000   Number         0  cpp_init.o ABSOLUTE
    ../clib/microlib/division.c              0x00000000   Number         0  uldiv.o ABSOLUTE
    ../clib/microlib/init/entry.s            0x00000000   Number         0  entry10a.o ABSOLUTE
    ../clib/microlib/init/entry.s            0x00000000   Number         0  entry11b.o ABSOLUTE
    ../clib/microlib/init/entry.s            0x00000000   Number         0  entry9b.o ABSOLUTE
    ../clib/microlib/init/entry.s            0x00000000   Number         0  entry12a.o ABSOLUTE
    ../clib/microlib/init/entry.s            0x00000000   Number         0  entry12b.o ABSOLUTE
    ../clib/microlib/init/entry.s            0x00000000   Number         0  entry9a.o ABSOLUTE
    ../clib/microlib/init/entry.s            0x00000000   Number         0  entry8b.o ABSOLUTE
    ../clib/microlib/init/entry.s            0x00000000   Number         0  entry8a.o ABSOLUTE
    ../clib/microlib/init/entry.s            0x00000000   Number         0  entry7b.o ABSOLUTE
    ../clib/microlib/init/entry.s            0x00000000   Number         0  entry7a.o ABSOLUTE
    ../clib/microlib/init/entry.s            0x00000000   Number         0  entry.o ABSOLUTE
    ../clib/microlib/init/entry.s            0x00000000   Number         0  entry5.o ABSOLUTE
    ../clib/microlib/init/entry.s            0x00000000   Number         0  entry10b.o ABSOLUTE
    ../clib/microlib/init/entry.s            0x00000000   Number         0  entry2.o ABSOLUTE
    ../clib/microlib/init/entry.s            0x00000000   Number         0  entry11a.o ABSOLUTE
    ../clib/microlib/longlong.c              0x00000000   Number         0  llushr.o ABSOLUTE
    ../clib/microlib/longlong.c              0x00000000   Number         0  llshl.o ABSOLUTE
    ../clib/microlib/string/memset.c         0x00000000   Number         0  memseta.o ABSOLUTE
    ..\Core\KUBOT\ledcpp.cpp                 0x00000000   Number         0  ledcpp.o ABSOLUTE
    ..\Core\Src\main.c                       0x00000000   Number         0  main.o ABSOLUTE
    ..\Core\Src\stm32f4xx_hal_msp.c          0x00000000   Number         0  stm32f4xx_hal_msp.o ABSOLUTE
    ..\Core\Src\stm32f4xx_it.c               0x00000000   Number         0  stm32f4xx_it.o ABSOLUTE
    ..\Core\Src\system_stm32f4xx.c           0x00000000   Number         0  system_stm32f4xx.o ABSOLUTE
    ..\\Core\\KUBOT\\ledcpp.cpp              0x00000000   Number         0  ledcpp.o ABSOLUTE
    C:/Users/Hong/STM32Cube/Repository/STM32Cube_FW_F4_V1.25.2/Drivers/STM32F4xx_HAL_Driver/Src/stm32f4xx_hal.c 0x00000000   Number         0  stm32f4xx_hal.o ABSOLUTE
    C:/Users/Hong/STM32Cube/Repository/STM32Cube_FW_F4_V1.25.2/Drivers/STM32F4xx_HAL_Driver/Src/stm32f4xx_hal_cortex.c 0x00000000   Number         0  stm32f4xx_hal_cortex.o ABSOLUTE
    C:/Users/Hong/STM32Cube/Repository/STM32Cube_FW_F4_V1.25.2/Drivers/STM32F4xx_HAL_Driver/Src/stm32f4xx_hal_dma.c 0x00000000   Number         0  stm32f4xx_hal_dma.o ABSOLUTE
    C:/Users/Hong/STM32Cube/Repository/STM32Cube_FW_F4_V1.25.2/Drivers/STM32F4xx_HAL_Driver/Src/stm32f4xx_hal_dma_ex.c 0x00000000   Number         0  stm32f4xx_hal_dma_ex.o ABSOLUTE
    C:/Users/Hong/STM32Cube/Repository/STM32Cube_FW_F4_V1.25.2/Drivers/STM32F4xx_HAL_Driver/Src/stm32f4xx_hal_exti.c 0x00000000   Number         0  stm32f4xx_hal_exti.o ABSOLUTE
    C:/Users/Hong/STM32Cube/Repository/STM32Cube_FW_F4_V1.25.2/Drivers/STM32F4xx_HAL_Driver/Src/stm32f4xx_hal_flash.c 0x00000000   Number         0  stm32f4xx_hal_flash.o ABSOLUTE
    C:/Users/Hong/STM32Cube/Repository/STM32Cube_FW_F4_V1.25.2/Drivers/STM32F4xx_HAL_Driver/Src/stm32f4xx_hal_flash_ex.c 0x00000000   Number         0  stm32f4xx_hal_flash_ex.o ABSOLUTE
    C:/Users/Hong/STM32Cube/Repository/STM32Cube_FW_F4_V1.25.2/Drivers/STM32F4xx_HAL_Driver/Src/stm32f4xx_hal_flash_ramfunc.c 0x00000000   Number         0  stm32f4xx_hal_flash_ramfunc.o ABSOLUTE
    C:/Users/Hong/STM32Cube/Repository/STM32Cube_FW_F4_V1.25.2/Drivers/STM32F4xx_HAL_Driver/Src/stm32f4xx_hal_gpio.c 0x00000000   Number         0  stm32f4xx_hal_gpio.o ABSOLUTE
    C:/Users/Hong/STM32Cube/Repository/STM32Cube_FW_F4_V1.25.2/Drivers/STM32F4xx_HAL_Driver/Src/stm32f4xx_hal_pwr.c 0x00000000   Number         0  stm32f4xx_hal_pwr.o ABSOLUTE
    C:/Users/Hong/STM32Cube/Repository/STM32Cube_FW_F4_V1.25.2/Drivers/STM32F4xx_HAL_Driver/Src/stm32f4xx_hal_pwr_ex.c 0x00000000   Number         0  stm32f4xx_hal_pwr_ex.o ABSOLUTE
    C:/Users/Hong/STM32Cube/Repository/STM32Cube_FW_F4_V1.25.2/Drivers/STM32F4xx_HAL_Driver/Src/stm32f4xx_hal_rcc.c 0x00000000   Number         0  stm32f4xx_hal_rcc.o ABSOLUTE
    C:/Users/Hong/STM32Cube/Repository/STM32Cube_FW_F4_V1.25.2/Drivers/STM32F4xx_HAL_Driver/Src/stm32f4xx_hal_rcc_ex.c 0x00000000   Number         0  stm32f4xx_hal_rcc_ex.o ABSOLUTE
    C:/Users/Hong/STM32Cube/Repository/STM32Cube_FW_F4_V1.25.2/Drivers/STM32F4xx_HAL_Driver/Src/stm32f4xx_hal_tim.c 0x00000000   Number         0  stm32f4xx_hal_tim.o ABSOLUTE
    C:/Users/Hong/STM32Cube/Repository/STM32Cube_FW_F4_V1.25.2/Drivers/STM32F4xx_HAL_Driver/Src/stm32f4xx_hal_tim_ex.c 0x00000000   Number         0  stm32f4xx_hal_tim_ex.o ABSOLUTE
    C:\Users\Hong\STM32Cube\Repository\STM32Cube_FW_F4_V1.25.2\Drivers\STM32F4xx_HAL_Driver\Src\stm32f4xx_hal.c 0x00000000   Number         0  stm32f4xx_hal.o ABSOLUTE
    C:\Users\Hong\STM32Cube\Repository\STM32Cube_FW_F4_V1.25.2\Drivers\STM32F4xx_HAL_Driver\Src\stm32f4xx_hal_cortex.c 0x00000000   Number         0  stm32f4xx_hal_cortex.o ABSOLUTE
    C:\Users\Hong\STM32Cube\Repository\STM32Cube_FW_F4_V1.25.2\Drivers\STM32F4xx_HAL_Driver\Src\stm32f4xx_hal_dma.c 0x00000000   Number         0  stm32f4xx_hal_dma.o ABSOLUTE
    C:\Users\Hong\STM32Cube\Repository\STM32Cube_FW_F4_V1.25.2\Drivers\STM32F4xx_HAL_Driver\Src\stm32f4xx_hal_dma_ex.c 0x00000000   Number         0  stm32f4xx_hal_dma_ex.o ABSOLUTE
    C:\Users\Hong\STM32Cube\Repository\STM32Cube_FW_F4_V1.25.2\Drivers\STM32F4xx_HAL_Driver\Src\stm32f4xx_hal_exti.c 0x00000000   Number         0  stm32f4xx_hal_exti.o ABSOLUTE
    C:\Users\Hong\STM32Cube\Repository\STM32Cube_FW_F4_V1.25.2\Drivers\STM32F4xx_HAL_Driver\Src\stm32f4xx_hal_flash.c 0x00000000   Number         0  stm32f4xx_hal_flash.o ABSOLUTE
    C:\Users\Hong\STM32Cube\Repository\STM32Cube_FW_F4_V1.25.2\Drivers\STM32F4xx_HAL_Driver\Src\stm32f4xx_hal_flash_ex.c 0x00000000   Number         0  stm32f4xx_hal_flash_ex.o ABSOLUTE
    C:\Users\Hong\STM32Cube\Repository\STM32Cube_FW_F4_V1.25.2\Drivers\STM32F4xx_HAL_Driver\Src\stm32f4xx_hal_flash_ramfunc.c 0x00000000   Number         0  stm32f4xx_hal_flash_ramfunc.o ABSOLUTE
    C:\Users\Hong\STM32Cube\Repository\STM32Cube_FW_F4_V1.25.2\Drivers\STM32F4xx_HAL_Driver\Src\stm32f4xx_hal_gpio.c 0x00000000   Number         0  stm32f4xx_hal_gpio.o ABSOLUTE
    C:\Users\Hong\STM32Cube\Repository\STM32Cube_FW_F4_V1.25.2\Drivers\STM32F4xx_HAL_Driver\Src\stm32f4xx_hal_pwr.c 0x00000000   Number         0  stm32f4xx_hal_pwr.o ABSOLUTE
    C:\Users\Hong\STM32Cube\Repository\STM32Cube_FW_F4_V1.25.2\Drivers\STM32F4xx_HAL_Driver\Src\stm32f4xx_hal_pwr_ex.c 0x00000000   Number         0  stm32f4xx_hal_pwr_ex.o ABSOLUTE
    C:\Users\Hong\STM32Cube\Repository\STM32Cube_FW_F4_V1.25.2\Drivers\STM32F4xx_HAL_Driver\Src\stm32f4xx_hal_rcc.c 0x00000000   Number         0  stm32f4xx_hal_rcc.o ABSOLUTE
    C:\Users\Hong\STM32Cube\Repository\STM32Cube_FW_F4_V1.25.2\Drivers\STM32F4xx_HAL_Driver\Src\stm32f4xx_hal_rcc_ex.c 0x00000000   Number         0  stm32f4xx_hal_rcc_ex.o ABSOLUTE
    C:\Users\Hong\STM32Cube\Repository\STM32Cube_FW_F4_V1.25.2\Drivers\STM32F4xx_HAL_Driver\Src\stm32f4xx_hal_tim.c 0x00000000   Number         0  stm32f4xx_hal_tim.o ABSOLUTE
    C:\Users\Hong\STM32Cube\Repository\STM32Cube_FW_F4_V1.25.2\Drivers\STM32F4xx_HAL_Driver\Src\stm32f4xx_hal_tim_ex.c 0x00000000   Number         0  stm32f4xx_hal_tim_ex.o ABSOLUTE
    dc.s                                     0x00000000   Number         0  dc.o ABSOLUTE
    handlers.s                               0x00000000   Number         0  handlers.o ABSOLUTE
    init.s                                   0x00000000   Number         0  init.o ABSOLUTE
    startup_stm32f429xx.s                    0x00000000   Number         0  startup_stm32f429xx.o ABSOLUTE
    RESET                                    0x08000000   Section      428  startup_stm32f429xx.o(RESET)
    .ARM.Collect$$$$00000000                 0x080001ac   Section        0  entry.o(.ARM.Collect$$$$00000000)
    .ARM.Collect$$$$00000001                 0x080001ac   Section        4  entry2.o(.ARM.Collect$$$$00000001)
    .ARM.Collect$$$$00000004                 0x080001b0   Section        4  entry5.o(.ARM.Collect$$$$00000004)
    .ARM.Collect$$$$00000008                 0x080001b4   Section        0  entry7b.o(.ARM.Collect$$$$00000008)
    .ARM.Collect$$$$00000009                 0x080001b4   Section        4  entry8a.o(.ARM.Collect$$$$00000009)
    .ARM.Collect$$$$0000000A                 0x080001b8   Section        0  entry8b.o(.ARM.Collect$$$$0000000A)
    .ARM.Collect$$$$0000000B                 0x080001b8   Section        8  entry9a.o(.ARM.Collect$$$$0000000B)
    .ARM.Collect$$$$0000000E                 0x080001c0   Section        4  entry12b.o(.ARM.Collect$$$$0000000E)
    .ARM.Collect$$$$0000000F                 0x080001c4   Section        0  entry10a.o(.ARM.Collect$$$$0000000F)
    .ARM.Collect$$$$00000011                 0x080001c4   Section        0  entry11a.o(.ARM.Collect$$$$00000011)
    .ARM.Collect$$$$00002712                 0x080001c4   Section        4  entry2.o(.ARM.Collect$$$$00002712)
    __lit__00000000                          0x080001c4   Data           4  entry2.o(.ARM.Collect$$$$00002712)
    .text                                    0x080001c8   Section       36  startup_stm32f429xx.o(.text)
    $v0                                      0x080001c8   Number         0  startup_stm32f429xx.o(.text)
    .text                                    0x080001ec   Section        0  uldiv.o(.text)
    .text                                    0x0800024e   Section        0  memseta.o(.text)
    .text                                    0x08000274   Section        0  cpp_init.o(.text)
    .text                                    0x08000294   Section        0  llshl.o(.text)
    .text                                    0x080002b2   Section        0  llushr.o(.text)
    .text                                    0x080002d4   Section       36  init.o(.text)
    i.BusFault_Handler                       0x080002f8   Section        0  stm32f4xx_it.o(i.BusFault_Handler)
    i.DebugMon_Handler                       0x080002fa   Section        0  stm32f4xx_it.o(i.DebugMon_Handler)
    i.HAL_Delay                              0x080002fc   Section        0  stm32f4xx_hal.o(i.HAL_Delay)
    i.HAL_GPIO_Init                          0x08000320   Section        0  stm32f4xx_hal_gpio.o(i.HAL_GPIO_Init)
    i.HAL_GPIO_TogglePin                     0x080004f4   Section        0  stm32f4xx_hal_gpio.o(i.HAL_GPIO_TogglePin)
    i.HAL_GPIO_WritePin                      0x08000502   Section        0  stm32f4xx_hal_gpio.o(i.HAL_GPIO_WritePin)
    i.HAL_GetTick                            0x0800050c   Section        0  stm32f4xx_hal.o(i.HAL_GetTick)
    i.HAL_IncTick                            0x08000518   Section        0  stm32f4xx_hal.o(i.HAL_IncTick)
    i.HAL_Init                               0x08000528   Section        0  stm32f4xx_hal.o(i.HAL_Init)
    i.HAL_InitTick                           0x0800055c   Section        0  stm32f4xx_hal.o(i.HAL_InitTick)
    i.HAL_MspInit                            0x0800059c   Section        0  stm32f4xx_hal_msp.o(i.HAL_MspInit)
    i.HAL_NVIC_SetPriority                   0x080005cc   Section        0  stm32f4xx_hal_cortex.o(i.HAL_NVIC_SetPriority)
    i.HAL_NVIC_SetPriorityGrouping           0x0800060c   Section        0  stm32f4xx_hal_cortex.o(i.HAL_NVIC_SetPriorityGrouping)
    i.HAL_RCC_ClockConfig                    0x08000630   Section        0  stm32f4xx_hal_rcc.o(i.HAL_RCC_ClockConfig)
    i.HAL_RCC_GetSysClockFreq                0x08000764   Section        0  stm32f4xx_hal_rcc.o(i.HAL_RCC_GetSysClockFreq)
    i.HAL_RCC_OscConfig                      0x080007c8   Section        0  stm32f4xx_hal_rcc.o(i.HAL_RCC_OscConfig)
    i.HAL_SYSTICK_Config                     0x08000b24   Section        0  stm32f4xx_hal_cortex.o(i.HAL_SYSTICK_Config)
    i.HardFault_Handler                      0x08000b4c   Section        0  stm32f4xx_it.o(i.HardFault_Handler)
    i.MemManage_Handler                      0x08000b4e   Section        0  stm32f4xx_it.o(i.MemManage_Handler)
    i.NMI_Handler                            0x08000b50   Section        0  stm32f4xx_it.o(i.NMI_Handler)
    i.PendSV_Handler                         0x08000b52   Section        0  stm32f4xx_it.o(i.PendSV_Handler)
    i.SVC_Handler                            0x08000b54   Section        0  stm32f4xx_it.o(i.SVC_Handler)
    i.SysTick_Handler                        0x08000b56   Section        0  stm32f4xx_it.o(i.SysTick_Handler)
    i.SystemInit                             0x08000b5c   Section        0  system_stm32f4xx.o(i.SystemInit)
    i.UsageFault_Handler                     0x08000b78   Section        0  stm32f4xx_it.o(i.UsageFault_Handler)
    i._Z18SystemClock_Configv                0x08000b7c   Section        0  main.o(i._Z18SystemClock_Configv)
    i._ZN22_INTERNAL_6_main_c_led12MX_GPIO_InitEv 0x08000c10   Section        0  main.o(i._ZN22_INTERNAL_6_main_c_led12MX_GPIO_InitEv)
    [local to main_c]::MX_GPIO_Init()        0x08000c11   Thumb Code   102  main.o(i._ZN22_INTERNAL_6_main_c_led12MX_GPIO_InitEv)
    i._ZN44_INTERNAL_22_stm32f4xx_hal_cortex_c_2992dbc018__NVIC_SetPriorityE9IRQn_Typej 0x08000c80   Section        0  stm32f4xx_hal_cortex.o(i._ZN44_INTERNAL_22_stm32f4xx_hal_cortex_c_2992dbc018__NVIC_SetPriorityE9IRQn_Typej)
    [local to stm32f4xx_hal_cortex_c]::__NVIC_SetPriority(IRQn_Type, unsigned) 0x08000c81   Thumb Code    32  stm32f4xx_hal_cortex.o(i._ZN44_INTERNAL_22_stm32f4xx_hal_cortex_c_2992dbc018__NVIC_SetPriorityE9IRQn_Typej)
    i._ZN4CLed6toggleEv                      0x08000ca0   Section        0  ledcpp.o(i._ZN4CLed6toggleEv)
    i._ZN4CLedC1EP12GPIO_TypeDeft            0x08000ca8   Section        0  ledcpp.o(i._ZN4CLedC1EP12GPIO_TypeDeft)
    i.__scatterload_copy                     0x08000cae   Section       14  handlers.o(i.__scatterload_copy)
    i.__scatterload_null                     0x08000cbc   Section        2  handlers.o(i.__scatterload_null)
    i.__scatterload_zeroinit                 0x08000cbe   Section       14  handlers.o(i.__scatterload_zeroinit)
    i.__sti___6_main_c_led                   0x08000ccc   Section        0  main.o(i.__sti___6_main_c_led)
    __sti___6_main_c_led                     0x08000ccd   Thumb Code    12  main.o(i.__sti___6_main_c_led)
    i.main                                   0x08000ce0   Section        0  main.o(i.main)
    .constdata                               0x08000d04   Section       16  system_stm32f4xx.o(.constdata)
    .init_array                              0x08000d34   Section        4  main.o(.init_array)
    .init_array                              0x08000d38   Section        0  cpp_init.o(.init_array)
    .data                                    0x20000000   Section        8  main.o(.data)
    .data                                    0x20000008   Section       12  stm32f4xx_hal.o(.data)
    .data                                    0x20000014   Section        4  system_stm32f4xx.o(.data)
    STACK                                    0x20000018   Section     1024  startup_stm32f429xx.o(STACK)

    Global Symbols

    Symbol Name                              Value     Ov Type        Size  Object(Section)

    BuildAttributes$$THM_ISAv4$E$P$D$K$B$S$7EM$VFPi3$EXTD16$VFPS$VFMA$PE$A:L22UL41UL21$X:L11$S22US41US21$IEEE1$IW$USESV6$~STKCKD$USESV7$~SHL$OSPACE$EBA8$MICROLIB$REQ8$PRES8$EABIv2 0x00000000   Number         0  anon$$obj.o ABSOLUTE
    __ARM_use_no_argv                        0x00000000   Number         0  main.o ABSOLUTE
    __arm_fini_                               - Undefined Weak Reference
    __cxa_finalize                            - Undefined Weak Reference
    __decompress                              - Undefined Weak Reference
    _clock_init                               - Undefined Weak Reference
    _microlib_exit                            - Undefined Weak Reference
    __Vectors_Size                           0x000001ac   Number         0  startup_stm32f429xx.o ABSOLUTE
    __Vectors                                0x08000000   Data           4  startup_stm32f429xx.o(RESET)
    __Vectors_End                            0x080001ac   Data           0  startup_stm32f429xx.o(RESET)
    __main                                   0x080001ad   Thumb Code     0  entry.o(.ARM.Collect$$$$00000000)
    _main_stk                                0x080001ad   Thumb Code     0  entry2.o(.ARM.Collect$$$$00000001)
    _main_scatterload                        0x080001b1   Thumb Code     0  entry5.o(.ARM.Collect$$$$00000004)
    __main_after_scatterload                 0x080001b5   Thumb Code     0  entry5.o(.ARM.Collect$$$$00000004)
    _main_clock                              0x080001b5   Thumb Code     0  entry7b.o(.ARM.Collect$$$$00000008)
    _main_cpp_init$empty                     0x080001b5   Thumb Code     0  entry8a.o(.ARM.Collect$$$$00000009)
    _main_cpp_init                           0x080001b9   Thumb Code     0  entry8b.o(.ARM.Collect$$$$0000000A)
    _main_init                               0x080001b9   Thumb Code     0  entry9a.o(.ARM.Collect$$$$0000000B)
    __rt_lib_shutdown_fini                   0x080001c1   Thumb Code     0  entry12b.o(.ARM.Collect$$$$0000000E)
    __rt_final_cpp                           0x080001c5   Thumb Code     0  entry10a.o(.ARM.Collect$$$$0000000F)
    __rt_final_exit                          0x080001c5   Thumb Code     0  entry11a.o(.ARM.Collect$$$$00000011)
    Reset_Handler                            0x080001c9   Thumb Code     8  startup_stm32f429xx.o(.text)
    ADC_IRQHandler                           0x080001e3   Thumb Code     0  startup_stm32f429xx.o(.text)
    CAN1_RX0_IRQHandler                      0x080001e3   Thumb Code     0  startup_stm32f429xx.o(.text)
    CAN1_RX1_IRQHandler                      0x080001e3   Thumb Code     0  startup_stm32f429xx.o(.text)
    CAN1_SCE_IRQHandler                      0x080001e3   Thumb Code     0  startup_stm32f429xx.o(.text)
    CAN1_TX_IRQHandler                       0x080001e3   Thumb Code     0  startup_stm32f429xx.o(.text)
    CAN2_RX0_IRQHandler                      0x080001e3   Thumb Code     0  startup_stm32f429xx.o(.text)
    CAN2_RX1_IRQHandler                      0x080001e3   Thumb Code     0  startup_stm32f429xx.o(.text)
    CAN2_SCE_IRQHandler                      0x080001e3   Thumb Code     0  startup_stm32f429xx.o(.text)
    CAN2_TX_IRQHandler                       0x080001e3   Thumb Code     0  startup_stm32f429xx.o(.text)
    DCMI_IRQHandler                          0x080001e3   Thumb Code     0  startup_stm32f429xx.o(.text)
    DMA1_Stream0_IRQHandler                  0x080001e3   Thumb Code     0  startup_stm32f429xx.o(.text)
    DMA1_Stream1_IRQHandler                  0x080001e3   Thumb Code     0  startup_stm32f429xx.o(.text)
    DMA1_Stream2_IRQHandler                  0x080001e3   Thumb Code     0  startup_stm32f429xx.o(.text)
    DMA1_Stream3_IRQHandler                  0x080001e3   Thumb Code     0  startup_stm32f429xx.o(.text)
    DMA1_Stream4_IRQHandler                  0x080001e3   Thumb Code     0  startup_stm32f429xx.o(.text)
    DMA1_Stream5_IRQHandler                  0x080001e3   Thumb Code     0  startup_stm32f429xx.o(.text)
    DMA1_Stream6_IRQHandler                  0x080001e3   Thumb Code     0  startup_stm32f429xx.o(.text)
    DMA1_Stream7_IRQHandler                  0x080001e3   Thumb Code     0  startup_stm32f429xx.o(.text)
    DMA2D_IRQHandler                         0x080001e3   Thumb Code     0  startup_stm32f429xx.o(.text)
    DMA2_Stream0_IRQHandler                  0x080001e3   Thumb Code     0  startup_stm32f429xx.o(.text)
    DMA2_Stream1_IRQHandler                  0x080001e3   Thumb Code     0  startup_stm32f429xx.o(.text)
    DMA2_Stream2_IRQHandler                  0x080001e3   Thumb Code     0  startup_stm32f429xx.o(.text)
    DMA2_Stream3_IRQHandler                  0x080001e3   Thumb Code     0  startup_stm32f429xx.o(.text)
    DMA2_Stream4_IRQHandler                  0x080001e3   Thumb Code     0  startup_stm32f429xx.o(.text)
    DMA2_Stream5_IRQHandler                  0x080001e3   Thumb Code     0  startup_stm32f429xx.o(.text)
    DMA2_Stream6_IRQHandler                  0x080001e3   Thumb Code     0  startup_stm32f429xx.o(.text)
    DMA2_Stream7_IRQHandler                  0x080001e3   Thumb Code     0  startup_stm32f429xx.o(.text)
    ETH_IRQHandler                           0x080001e3   Thumb Code     0  startup_stm32f429xx.o(.text)
    ETH_WKUP_IRQHandler                      0x080001e3   Thumb Code     0  startup_stm32f429xx.o(.text)
    EXTI0_IRQHandler                         0x080001e3   Thumb Code     0  startup_stm32f429xx.o(.text)
    EXTI15_10_IRQHandler                     0x080001e3   Thumb Code     0  startup_stm32f429xx.o(.text)
    EXTI1_IRQHandler                         0x080001e3   Thumb Code     0  startup_stm32f429xx.o(.text)
    EXTI2_IRQHandler                         0x080001e3   Thumb Code     0  startup_stm32f429xx.o(.text)
    EXTI3_IRQHandler                         0x080001e3   Thumb Code     0  startup_stm32f429xx.o(.text)
    EXTI4_IRQHandler                         0x080001e3   Thumb Code     0  startup_stm32f429xx.o(.text)
    EXTI9_5_IRQHandler                       0x080001e3   Thumb Code     0  startup_stm32f429xx.o(.text)
    FLASH_IRQHandler                         0x080001e3   Thumb Code     0  startup_stm32f429xx.o(.text)
    FMC_IRQHandler                           0x080001e3   Thumb Code     0  startup_stm32f429xx.o(.text)
    FPU_IRQHandler                           0x080001e3   Thumb Code     0  startup_stm32f429xx.o(.text)
    HASH_RNG_IRQHandler                      0x080001e3   Thumb Code     0  startup_stm32f429xx.o(.text)
    I2C1_ER_IRQHandler                       0x080001e3   Thumb Code     0  startup_stm32f429xx.o(.text)
    I2C1_EV_IRQHandler                       0x080001e3   Thumb Code     0  startup_stm32f429xx.o(.text)
    I2C2_ER_IRQHandler                       0x080001e3   Thumb Code     0  startup_stm32f429xx.o(.text)
    I2C2_EV_IRQHandler                       0x080001e3   Thumb Code     0  startup_stm32f429xx.o(.text)
    I2C3_ER_IRQHandler                       0x080001e3   Thumb Code     0  startup_stm32f429xx.o(.text)
    I2C3_EV_IRQHandler                       0x080001e3   Thumb Code     0  startup_stm32f429xx.o(.text)
    LTDC_ER_IRQHandler                       0x080001e3   Thumb Code     0  startup_stm32f429xx.o(.text)
    LTDC_IRQHandler                          0x080001e3   Thumb Code     0  startup_stm32f429xx.o(.text)
    OTG_FS_IRQHandler                        0x080001e3   Thumb Code     0  startup_stm32f429xx.o(.text)
    OTG_FS_WKUP_IRQHandler                   0x080001e3   Thumb Code     0  startup_stm32f429xx.o(.text)
    OTG_HS_EP1_IN_IRQHandler                 0x080001e3   Thumb Code     0  startup_stm32f429xx.o(.text)
    OTG_HS_EP1_OUT_IRQHandler                0x080001e3   Thumb Code     0  startup_stm32f429xx.o(.text)
    OTG_HS_IRQHandler                        0x080001e3   Thumb Code     0  startup_stm32f429xx.o(.text)
    OTG_HS_WKUP_IRQHandler                   0x080001e3   Thumb Code     0  startup_stm32f429xx.o(.text)
    PVD_IRQHandler                           0x080001e3   Thumb Code     0  startup_stm32f429xx.o(.text)
    RCC_IRQHandler                           0x080001e3   Thumb Code     0  startup_stm32f429xx.o(.text)
    RTC_Alarm_IRQHandler                     0x080001e3   Thumb Code     0  startup_stm32f429xx.o(.text)
    RTC_WKUP_IRQHandler                      0x080001e3   Thumb Code     0  startup_stm32f429xx.o(.text)
    SAI1_IRQHandler                          0x080001e3   Thumb Code     0  startup_stm32f429xx.o(.text)
    SDIO_IRQHandler                          0x080001e3   Thumb Code     0  startup_stm32f429xx.o(.text)
    SPI1_IRQHandler                          0x080001e3   Thumb Code     0  startup_stm32f429xx.o(.text)
    SPI2_IRQHandler                          0x080001e3   Thumb Code     0  startup_stm32f429xx.o(.text)
    SPI3_IRQHandler                          0x080001e3   Thumb Code     0  startup_stm32f429xx.o(.text)
    SPI4_IRQHandler                          0x080001e3   Thumb Code     0  startup_stm32f429xx.o(.text)
    SPI5_IRQHandler                          0x080001e3   Thumb Code     0  startup_stm32f429xx.o(.text)
    SPI6_IRQHandler                          0x080001e3   Thumb Code     0  startup_stm32f429xx.o(.text)
    TAMP_STAMP_IRQHandler                    0x080001e3   Thumb Code     0  startup_stm32f429xx.o(.text)
    TIM1_BRK_TIM9_IRQHandler                 0x080001e3   Thumb Code     0  startup_stm32f429xx.o(.text)
    TIM1_CC_IRQHandler                       0x080001e3   Thumb Code     0  startup_stm32f429xx.o(.text)
    TIM1_TRG_COM_TIM11_IRQHandler            0x080001e3   Thumb Code     0  startup_stm32f429xx.o(.text)
    TIM1_UP_TIM10_IRQHandler                 0x080001e3   Thumb Code     0  startup_stm32f429xx.o(.text)
    TIM2_IRQHandler                          0x080001e3   Thumb Code     0  startup_stm32f429xx.o(.text)
    TIM3_IRQHandler                          0x080001e3   Thumb Code     0  startup_stm32f429xx.o(.text)
    TIM4_IRQHandler                          0x080001e3   Thumb Code     0  startup_stm32f429xx.o(.text)
    TIM5_IRQHandler                          0x080001e3   Thumb Code     0  startup_stm32f429xx.o(.text)
    TIM6_DAC_IRQHandler                      0x080001e3   Thumb Code     0  startup_stm32f429xx.o(.text)
    TIM7_IRQHandler                          0x080001e3   Thumb Code     0  startup_stm32f429xx.o(.text)
    TIM8_BRK_TIM12_IRQHandler                0x080001e3   Thumb Code     0  startup_stm32f429xx.o(.text)
    TIM8_CC_IRQHandler                       0x080001e3   Thumb Code     0  startup_stm32f429xx.o(.text)
    TIM8_TRG_COM_TIM14_IRQHandler            0x080001e3   Thumb Code     0  startup_stm32f429xx.o(.text)
    TIM8_UP_TIM13_IRQHandler                 0x080001e3   Thumb Code     0  startup_stm32f429xx.o(.text)
    UART4_IRQHandler                         0x080001e3   Thumb Code     0  startup_stm32f429xx.o(.text)
    UART5_IRQHandler                         0x080001e3   Thumb Code     0  startup_stm32f429xx.o(.text)
    UART7_IRQHandler                         0x080001e3   Thumb Code     0  startup_stm32f429xx.o(.text)
    UART8_IRQHandler                         0x080001e3   Thumb Code     0  startup_stm32f429xx.o(.text)
    USART1_IRQHandler                        0x080001e3   Thumb Code     0  startup_stm32f429xx.o(.text)
    USART2_IRQHandler                        0x080001e3   Thumb Code     0  startup_stm32f429xx.o(.text)
    USART3_IRQHandler                        0x080001e3   Thumb Code     0  startup_stm32f429xx.o(.text)
    USART6_IRQHandler                        0x080001e3   Thumb Code     0  startup_stm32f429xx.o(.text)
    WWDG_IRQHandler                          0x080001e3   Thumb Code     0  startup_stm32f429xx.o(.text)
    __aeabi_uldivmod                         0x080001ed   Thumb Code    98  uldiv.o(.text)
    __aeabi_memset                           0x0800024f   Thumb Code    14  memseta.o(.text)
    __aeabi_memset4                          0x0800024f   Thumb Code     0  memseta.o(.text)
    __aeabi_memset8                          0x0800024f   Thumb Code     0  memseta.o(.text)
    __aeabi_memclr                           0x0800025d   Thumb Code     4  memseta.o(.text)
    __aeabi_memclr4                          0x0800025d   Thumb Code     0  memseta.o(.text)
    __aeabi_memclr8                          0x0800025d   Thumb Code     0  memseta.o(.text)
    _memset$wrapper                          0x08000261   Thumb Code    18  memseta.o(.text)
    __cpp_initialize__aeabi_                 0x08000275   Thumb Code    22  cpp_init.o(.text)
    __aeabi_llsl                             0x08000295   Thumb Code    30  llshl.o(.text)
    _ll_shift_l                              0x08000295   Thumb Code     0  llshl.o(.text)
    __aeabi_llsr                             0x080002b3   Thumb Code    32  llushr.o(.text)
    _ll_ushift_r                             0x080002b3   Thumb Code     0  llushr.o(.text)
    __scatterload                            0x080002d5   Thumb Code    28  init.o(.text)
    __scatterload_rt2                        0x080002d5   Thumb Code     0  init.o(.text)
    BusFault_Handler                         0x080002f9   Thumb Code     2  stm32f4xx_it.o(i.BusFault_Handler)
    DebugMon_Handler                         0x080002fb   Thumb Code     2  stm32f4xx_it.o(i.DebugMon_Handler)
    HAL_Delay                                0x080002fd   Thumb Code    32  stm32f4xx_hal.o(i.HAL_Delay)
    HAL_GPIO_Init                            0x08000321   Thumb Code   414  stm32f4xx_hal_gpio.o(i.HAL_GPIO_Init)
    HAL_GPIO_TogglePin                       0x080004f5   Thumb Code    14  stm32f4xx_hal_gpio.o(i.HAL_GPIO_TogglePin)
    HAL_GPIO_WritePin                        0x08000503   Thumb Code    10  stm32f4xx_hal_gpio.o(i.HAL_GPIO_WritePin)
    HAL_GetTick                              0x0800050d   Thumb Code     6  stm32f4xx_hal.o(i.HAL_GetTick)
    HAL_IncTick                              0x08000519   Thumb Code    12  stm32f4xx_hal.o(i.HAL_IncTick)
    HAL_Init                                 0x08000529   Thumb Code    48  stm32f4xx_hal.o(i.HAL_Init)
    HAL_InitTick                             0x0800055d   Thumb Code    54  stm32f4xx_hal.o(i.HAL_InitTick)
    HAL_MspInit                              0x0800059d   Thumb Code    42  stm32f4xx_hal_msp.o(i.HAL_MspInit)
    HAL_NVIC_SetPriority                     0x080005cd   Thumb Code    60  stm32f4xx_hal_cortex.o(i.HAL_NVIC_SetPriority)
    HAL_NVIC_SetPriorityGrouping             0x0800060d   Thumb Code    26  stm32f4xx_hal_cortex.o(i.HAL_NVIC_SetPriorityGrouping)
    HAL_RCC_ClockConfig                      0x08000631   Thumb Code   288  stm32f4xx_hal_rcc.o(i.HAL_RCC_ClockConfig)
    HAL_RCC_GetSysClockFreq                  0x08000765   Thumb Code    88  stm32f4xx_hal_rcc.o(i.HAL_RCC_GetSysClockFreq)
    HAL_RCC_OscConfig                        0x080007c9   Thumb Code   840  stm32f4xx_hal_rcc.o(i.HAL_RCC_OscConfig)
    HAL_SYSTICK_Config                       0x08000b25   Thumb Code    40  stm32f4xx_hal_cortex.o(i.HAL_SYSTICK_Config)
    HardFault_Handler                        0x08000b4d   Thumb Code     2  stm32f4xx_it.o(i.HardFault_Handler)
    MemManage_Handler                        0x08000b4f   Thumb Code     2  stm32f4xx_it.o(i.MemManage_Handler)
    NMI_Handler                              0x08000b51   Thumb Code     2  stm32f4xx_it.o(i.NMI_Handler)
    PendSV_Handler                           0x08000b53   Thumb Code     2  stm32f4xx_it.o(i.PendSV_Handler)
    SVC_Handler                              0x08000b55   Thumb Code     2  stm32f4xx_it.o(i.SVC_Handler)
    SysTick_Handler                          0x08000b57   Thumb Code     4  stm32f4xx_it.o(i.SysTick_Handler)
    SystemInit                               0x08000b5d   Thumb Code    22  system_stm32f4xx.o(i.SystemInit)
    UsageFault_Handler                       0x08000b79   Thumb Code     2  stm32f4xx_it.o(i.UsageFault_Handler)
    SystemClock_Config()                     0x08000b7d   Thumb Code   140  main.o(i._Z18SystemClock_Configv)
    CLed::toggle()                           0x08000ca1   Thumb Code     8  ledcpp.o(i._ZN4CLed6toggleEv)
    CLed::CLed(GPIO_TypeDef*, unsigned short) 0x08000ca9   Thumb Code     6  ledcpp.o(i._ZN4CLedC1EP12GPIO_TypeDeft)
    CLed::CLed__sub_object(GPIO_TypeDef*, unsigned short) 0x08000ca9   Thumb Code     0  ledcpp.o(i._ZN4CLedC1EP12GPIO_TypeDeft)
    __scatterload_copy                       0x08000caf   Thumb Code    14  handlers.o(i.__scatterload_copy)
    __scatterload_null                       0x08000cbd   Thumb Code     2  handlers.o(i.__scatterload_null)
    __scatterload_zeroinit                   0x08000cbf   Thumb Code    14  handlers.o(i.__scatterload_zeroinit)
    main                                     0x08000ce1   Thumb Code    30  main.o(i.main)
    AHBPrescTable                            0x08000d04   Data          16  system_stm32f4xx.o(.constdata)
    Region$$Table$$Base                      0x08000d14   Number         0  anon$$obj.o(Region$$Table)
    Region$$Table$$Limit                     0x08000d34   Number         0  anon$$obj.o(Region$$Table)
    SHT$$INIT_ARRAY$$Base                    0x08000d34   Number         0  main.o(.init_array)
    SHT$$INIT_ARRAY$$Limit                   0x08000d38   Number         0  cpp_init.o(.init_array)
    led                                      0x20000000   Data           8  main.o(.data)
    uwTickFreq                               0x20000008   Data           1  stm32f4xx_hal.o(.data)
    uwTickPrio                               0x2000000c   Data           4  stm32f4xx_hal.o(.data)
    uwTick                                   0x20000010   Data           4  stm32f4xx_hal.o(.data)
    SystemCoreClock                          0x20000014   Data           4  system_stm32f4xx.o(.data)
    __initial_sp                             0x20000418   Data           0  startup_stm32f429xx.o(STACK)



==============================================================================

Memory Map of the image

  Image Entry point : 0x080001ad

  Load Region LR_IROM1 (Base: 0x08000000, Size: 0x00000d50, Max: 0x00200000, ABSOLUTE)

    Execution Region ER_IROM1 (Exec base: 0x08000000, Load base: 0x08000000, Size: 0x00000d38, Max: 0x00200000, ABSOLUTE)

    Exec Addr    Load Addr    Size         Type   Attr      Idx    E Section Name        Object

    0x08000000   0x08000000   0x000001ac   Data   RO            3    RESET               startup_stm32f429xx.o
    0x080001ac   0x080001ac   0x00000000   Code   RO         1760  * .ARM.Collect$$$$00000000  mc_w.l(entry.o)
    0x080001ac   0x080001ac   0x00000004   Code   RO         1772    .ARM.Collect$$$$00000001  mc_w.l(entry2.o)
    0x080001b0   0x080001b0   0x00000004   Code   RO         1775    .ARM.Collect$$$$00000004  mc_w.l(entry5.o)
    0x080001b4   0x080001b4   0x00000000   Code   RO         1777    .ARM.Collect$$$$00000008  mc_w.l(entry7b.o)
    0x080001b4   0x080001b4   0x00000004   Code   RO         1778    .ARM.Collect$$$$00000009  mc_w.l(entry8a.o)
    0x080001b8   0x080001b8   0x00000000   Code   RO         1779    .ARM.Collect$$$$0000000A  mc_w.l(entry8b.o)
    0x080001b8   0x080001b8   0x00000008   Code   RO         1780    .ARM.Collect$$$$0000000B  mc_w.l(entry9a.o)
    0x080001c0   0x080001c0   0x00000004   Code   RO         1787    .ARM.Collect$$$$0000000E  mc_w.l(entry12b.o)
    0x080001c4   0x080001c4   0x00000000   Code   RO         1782    .ARM.Collect$$$$0000000F  mc_w.l(entry10a.o)
    0x080001c4   0x080001c4   0x00000000   Code   RO         1784    .ARM.Collect$$$$00000011  mc_w.l(entry11a.o)
    0x080001c4   0x080001c4   0x00000004   Code   RO         1773    .ARM.Collect$$$$00002712  mc_w.l(entry2.o)
    0x080001c8   0x080001c8   0x00000024   Code   RO            4    .text               startup_stm32f429xx.o
    0x080001ec   0x080001ec   0x00000062   Code   RO         1763    .text               mc_w.l(uldiv.o)
    0x0800024e   0x0800024e   0x00000024   Code   RO         1765    .text               mc_w.l(memseta.o)
    0x08000272   0x08000272   0x00000002   PAD
    0x08000274   0x08000274   0x00000020   Code   RO         1770    .text               mc_w.l(cpp_init.o)
    0x08000294   0x08000294   0x0000001e   Code   RO         1788    .text               mc_w.l(llshl.o)
    0x080002b2   0x080002b2   0x00000020   Code   RO         1790    .text               mc_w.l(llushr.o)
    0x080002d2   0x080002d2   0x00000002   PAD
    0x080002d4   0x080002d4   0x00000024   Code   RO         1792    .text               mc_w.l(init.o)
    0x080002f8   0x080002f8   0x00000002   Code   RO          156    i.BusFault_Handler  stm32f4xx_it.o
    0x080002fa   0x080002fa   0x00000002   Code   RO          157    i.DebugMon_Handler  stm32f4xx_it.o
    0x080002fc   0x080002fc   0x00000024   Code   RO         1377    i.HAL_Delay         stm32f4xx_hal.o
    0x08000320   0x08000320   0x000001d4   Code   RO          761    i.HAL_GPIO_Init     stm32f4xx_hal_gpio.o
    0x080004f4   0x080004f4   0x0000000e   Code   RO          764    i.HAL_GPIO_TogglePin  stm32f4xx_hal_gpio.o
    0x08000502   0x08000502   0x0000000a   Code   RO          765    i.HAL_GPIO_WritePin  stm32f4xx_hal_gpio.o
    0x0800050c   0x0800050c   0x0000000c   Code   RO         1385    i.HAL_GetTick       stm32f4xx_hal.o
    0x08000518   0x08000518   0x00000010   Code   RO         1391    i.HAL_IncTick       stm32f4xx_hal.o
    0x08000528   0x08000528   0x00000034   Code   RO         1392    i.HAL_Init          stm32f4xx_hal.o
    0x0800055c   0x0800055c   0x00000040   Code   RO         1393    i.HAL_InitTick      stm32f4xx_hal.o
    0x0800059c   0x0800059c   0x00000030   Code   RO          240    i.HAL_MspInit       stm32f4xx_hal_msp.o
    0x080005cc   0x080005cc   0x00000040   Code   RO         1227    i.HAL_NVIC_SetPriority  stm32f4xx_hal_cortex.o
    0x0800060c   0x0800060c   0x00000024   Code   RO         1228    i.HAL_NVIC_SetPriorityGrouping  stm32f4xx_hal_cortex.o
    0x08000630   0x08000630   0x00000134   Code   RO          302    i.HAL_RCC_ClockConfig  stm32f4xx_hal_rcc.o
    0x08000764   0x08000764   0x00000064   Code   RO          311    i.HAL_RCC_GetSysClockFreq  stm32f4xx_hal_rcc.o
    0x080007c8   0x080007c8   0x0000035c   Code   RO          314    i.HAL_RCC_OscConfig  stm32f4xx_hal_rcc.o
    0x08000b24   0x08000b24   0x00000028   Code   RO         1232    i.HAL_SYSTICK_Config  stm32f4xx_hal_cortex.o
    0x08000b4c   0x08000b4c   0x00000002   Code   RO          158    i.HardFault_Handler  stm32f4xx_it.o
    0x08000b4e   0x08000b4e   0x00000002   Code   RO          159    i.MemManage_Handler  stm32f4xx_it.o
    0x08000b50   0x08000b50   0x00000002   Code   RO          160    i.NMI_Handler       stm32f4xx_it.o
    0x08000b52   0x08000b52   0x00000002   Code   RO          161    i.PendSV_Handler    stm32f4xx_it.o
    0x08000b54   0x08000b54   0x00000002   Code   RO          162    i.SVC_Handler       stm32f4xx_it.o
    0x08000b56   0x08000b56   0x00000004   Code   RO          163    i.SysTick_Handler   stm32f4xx_it.o
    0x08000b5a   0x08000b5a   0x00000002   PAD
    0x08000b5c   0x08000b5c   0x0000001c   Code   RO         1679    i.SystemInit        system_stm32f4xx.o
    0x08000b78   0x08000b78   0x00000002   Code   RO          164    i.UsageFault_Handler  stm32f4xx_it.o
    0x08000b7a   0x08000b7a   0x00000002   PAD
    0x08000b7c   0x08000b7c   0x00000094   Code   RO           14    i._Z18SystemClock_Configv  main.o
    0x08000c10   0x08000c10   0x00000070   Code   RO           15    i._ZN22_INTERNAL_6_main_c_led12MX_GPIO_InitEv  main.o
    0x08000c80   0x08000c80   0x00000020   Code   RO         1234    i._ZN44_INTERNAL_22_stm32f4xx_hal_cortex_c_2992dbc018__NVIC_SetPriorityE9IRQn_Typej  stm32f4xx_hal_cortex.o
    0x08000ca0   0x08000ca0   0x00000008   Code   RO         1720    i._ZN4CLed6toggleEv  ledcpp.o
    0x08000ca8   0x08000ca8   0x00000006   Code   RO         1721    i._ZN4CLedC1EP12GPIO_TypeDeft  ledcpp.o
    0x08000cae   0x08000cae   0x0000000e   Code   RO         1796    i.__scatterload_copy  mc_w.l(handlers.o)
    0x08000cbc   0x08000cbc   0x00000002   Code   RO         1797    i.__scatterload_null  mc_w.l(handlers.o)
    0x08000cbe   0x08000cbe   0x0000000e   Code   RO         1798    i.__scatterload_zeroinit  mc_w.l(handlers.o)
    0x08000ccc   0x08000ccc   0x00000014   Code   RO           16    i.__sti___6_main_c_led  main.o
    0x08000ce0   0x08000ce0   0x00000024   Code   RO           17    i.main              main.o
    0x08000d04   0x08000d04   0x00000010   Data   RO         1682    .constdata          system_stm32f4xx.o
    0x08000d14   0x08000d14   0x00000020   Data   RO         1794    Region$$Table       anon$$obj.o
    0x08000d34   0x08000d34   0x00000004   Data   RO           24    .init_array         main.o
    0x08000d38   0x08000d34   0x00000000   Data   RO         1768    .init_array         mc_w.l(cpp_init.o)


    Execution Region RW_IRAM2 (Exec base: 0x10000000, Load base: 0x08000d50, Size: 0x00000000, Max: 0x00010000, ABSOLUTE)

    **** No section assigned to this execution region ****


    Execution Region RW_IRAM1 (Exec base: 0x20000000, Load base: 0x08000d38, Size: 0x00000418, Max: 0x00030000, ABSOLUTE)

    Exec Addr    Load Addr    Size         Type   Attr      Idx    E Section Name        Object

    0x20000000   0x08000d38   0x00000008   Data   RW           23    .data               main.o
    0x20000008   0x08000d40   0x0000000c   Data   RW         1428    .data               stm32f4xx_hal.o
    0x20000014   0x08000d4c   0x00000004   Data   RW         1684    .data               system_stm32f4xx.o
    0x20000018        -       0x00000400   Zero   RW            1    STACK               startup_stm32f429xx.o


==============================================================================

Image component sizes


      Code (inc. data)   RO Data    RW Data    ZI Data      Debug   Object Name

        14          0          0          0          0       2004   ledcpp.o
       316         32          4          8          0     697282   main.o
        36          8        428          0       1024        852   startup_stm32f429xx.o
       180         28          0         12          0      10121   stm32f4xx_hal.o
       172         14          0          0          0      33766   stm32f4xx_hal_cortex.o
       492         54          0          0          0       3389   stm32f4xx_hal_gpio.o
        48          6          0          0          0        910   stm32f4xx_hal_msp.o
      1268         52          0          0          0       4390   stm32f4xx_hal_rcc.o
        20          0          0          0          0       4310   stm32f4xx_it.o
        28          6         16          4          0       1287   system_stm32f4xx.o

    ----------------------------------------------------------------------
      2578        200        480         24       1024     758311   Object Totals
         0          0         32          0          0          0   (incl. Generated)
         4          0          0          0          0          0   (incl. Padding)

    ----------------------------------------------------------------------

      Code (inc. data)   RO Data    RW Data    ZI Data      Debug   Library Member Name

        32         10          0          0          0         80   cpp_init.o
         0          0          0          0          0          0   entry.o
         0          0          0          0          0          0   entry10a.o
         0          0          0          0          0          0   entry11a.o
         4          0          0          0          0          0   entry12b.o
         8          4          0          0          0          0   entry2.o
         4          0          0          0          0          0   entry5.o
         0          0          0          0          0          0   entry7b.o
         4          0          0          0          0          0   entry8a.o
         0          0          0          0          0          0   entry8b.o
         8          4          0          0          0          0   entry9a.o
        30          0          0          0          0          0   handlers.o
        36          8          0          0          0         68   init.o
        30          0          0          0          0         68   llshl.o
        32          0          0          0          0         68   llushr.o
        36          0          0          0          0        108   memseta.o
        98          0          0          0          0         92   uldiv.o

    ----------------------------------------------------------------------
       326         26          0          0          0        484   Library Totals
         4          0          0          0          0          0   (incl. Padding)

    ----------------------------------------------------------------------

      Code (inc. data)   RO Data    RW Data    ZI Data      Debug   Library Name

       322         26          0          0          0        484   mc_w.l

    ----------------------------------------------------------------------
       326         26          0          0          0        484   Library Totals

    ----------------------------------------------------------------------

==============================================================================


      Code (inc. data)   RO Data    RW Data    ZI Data      Debug   

      2904        226        480         24       1024     756343   Grand Totals
      2904        226        480         24       1024     756343   ELF Image Totals
      2904        226        480         24          0          0   ROM Totals

==============================================================================

    Total RO  Size (Code + RO Data)                 3384 (   3.30kB)
    Total RW  Size (RW Data + ZI Data)              1048 (   1.02kB)
    Total ROM Size (Code + RO Data + RW Data)       3408 (   3.33kB)

==============================================================================

